vless://d6e0b64a-f945-4c93-861a-3a24398b6e12@app.safarmarket.dynu.com:8088?encryption=none&flow=&fp=chrome&headerType=none&host=app.safarmarket.dynu.com&security=tls&sni=app.safarmarket.dynu.com&type=tcp#
vmess://eyJhZGQiOiI0NS44Mi4xMDEuNSIsImFpZCI6IjAiLCJhbHBuIjoiIiwiZnAiOiJjaHJvbWUiLCJob3N0IjoibTNoZGlvMS56YXB0by5vcmciLCJpZCI6IjlhM2EwZGNiLWE2NGMtNDkwZC05NDdiLTNmNGVmZWI4ZGMwZiIsIm5ldCI6IndzIiwicGF0aCI6IlwvQEZPUldBUkRWMlJBWSIsInBvcnQiOiI4MCIsInBzIjoiXHVkODNkXHVkZDM3QGZvcndhcmR2MnJheVx1ZDgzZFx1ZGQzNyIsInNjeSI6ImF1dG8iLCJza2lwLWNlcnQtdmVyaWZ5Ijp0cnVlLCJzbmkiOiJtM2hkaW8xLnphcHRvLm9yZyIsInRscyI6Im5vbmUiLCJ0eXBlIjoibm9uZSIsInYiOiIyIn0=
vmess://eyJhZGQiOiI4MC45My4yMTAuNCIsImFpZCI6IjAiLCJhbHBuIjoiIiwiZnAiOiJjaHJvbWUiLCJob3N0IjoibTNoZGlvMS56YXB0by5vcmciLCJpZCI6IjlhM2EwZGNiLWE2NGMtNDkwZC05NDdiLTNmNGVmZWI4ZGMwZiIsIm5ldCI6IndzIiwicGF0aCI6IlwvQEZPUldBUkRWMlJBWSIsInBvcnQiOiI4MCIsInBzIjoiXHVkODNkXHVkZDM3QGZvcndhcmR2MnJheVx1ZDgzZFx1ZGQzNyIsInNjeSI6ImF1dG8iLCJza2lwLWNlcnQtdmVyaWZ5Ijp0cnVlLCJzbmkiOiJtM2hkaW8xLnphcHRvLm9yZyIsInRscyI6Im5vbmUiLCJ0eXBlIjoibm9uZSIsInYiOiIyIn0=
trojan://NPKHOHWMzc@173.245.59.200:2087?alpn=http%2F1.1&ed=2048&eh=Sec-Websocket-Protocol&fp=firefox&host=mehdi6.forwardv2raytelegramchannel.fun&path=%2F%40FORWARDV2RAY&security=tls&sni=mehdi6.forwardv2raytelegramchannel.fun&type=ws#
vmess://eyJhZGQiOiI5NS44NS45Mi44IiwiYWlkIjoiMCIsImFscG4iOiIiLCJmcCI6ImNocm9tZSIsImhvc3QiOiJtM2hkaW8xLnNlcnZlaGFsZmxpZmUuY29tIiwiaWQiOiI1NmJiNTRiMC01Y2ZjLTRiMzUtYmM4MS0wYjMwMGEwOGI0NmIiLCJuZXQiOiJ3cyIsInBhdGgiOiJcL0BGT1JXQVJEVjJSQVkiLCJwb3J0IjoiODAiLCJwcyI6Ilx1ZDgzZFx1ZGQzN0Bmb3J3YXJkdjJyYXlcdWQ4M2RcdWRkMzciLCJzY3kiOiJhdXRvIiwic2tpcC1jZXJ0LXZlcmlmeSI6dHJ1ZSwic25pIjoibTNoZGlvMS5zZXJ2ZWhhbGZsaWZlLmNvbSIsInRscyI6Im5vbmUiLCJ0eXBlIjoibm9uZSIsInYiOiIyIn0=
vmess://eyJhZGQiOiI5NC4xNzYuMTgzLjciLCJhaWQiOiIwIiwiYWxwbiI6Imh0dHBcLzEuMSIsImZwIjoiY2hyb21lIiwiaG9zdCI6Im0zaGRpbzEuemFwdG8ub3JnIiwiaWQiOiI5YTNhMGRjYi1hNjRjLTQ5MGQtOTQ3Yi0zZjRlZmViOGRjMGYiLCJuZXQiOiJ3cyIsInBhdGgiOiJcL0BGT1JXQVJEVjJSQVkiLCJwb3J0IjoiNDQzIiwicHMiOiJcdWQ4M2RcdWRkMzdAZm9yd2FyZHYycmF5XHVkODNkXHVkZDM3Iiwic2N5IjoiYXV0byIsInNraXAtY2VydC12ZXJpZnkiOnRydWUsInNuaSI6Im0zaGRpbzEuemFwdG8ub3JnIiwidGxzIjoidGxzIiwidHlwZSI6Im5vbmUiLCJ2IjoiMiJ9
trojan://mnk8fd@188.114.96.1:443?alpn=http%2F1.1&ed=2048&eh=Sec-Websocket-Protocol&fp=firefox&host=aws-ca-central-1.f1cflined.com&path=%2Ff1rocket&security=tls&sni=aws-ca-central-1.f1cflined.com&type=ws#
vless://d6e0b64a-f945-4c93-861a-3a24398b6e12@18.200.228.240:8088?encryption=none&flow=&fp=chrome&host=app.safarmarket.dynu.com&security=tls&sni=app.safarmarket.dynu.com&type=tcp#
vless://34190107-f315-4ddf-d6d4-7f9f87af715b@ir.ifi1.shopiiiiing.cfd:80?ed=2048&eh=Sec-Websocket-Protocol&encryption=none&flow=&fp=firefox&host=ifi1.kaghazacharrangi.sbs&path=%2F&security=none&sni=ifi1.kaghazacharrangi.sbs&type=ws#
vless://e4e80428-c1e2-44b5-a8ce-7b868d41b49b@173.245.59.200:2086?ed=2048&eh=Sec-Websocket-Protocol&encryption=none&flow=&fp=firefox&host=jp3.rtacg.com&path=%2F&sni=jp3.rtacg.com&type=ws#
vmess://eyJhZGQiOiIxNzMuMjQ1LjU5LjIwMCIsImFpZCI6IjAiLCJmcCI6ImNocm9tZSIsImhvc3QiOiJrYW5zYXMuZ2Fmbi5vbmxpbmUiLCJpZCI6IkJGODc0QTdFLTUxRDEtNDJEMC05RTcyLTQxN0Y5NDgyOUNDMiIsIm5ldCI6IndzIiwicGF0aCI6Ilwvc3BlZWR0ZXN0IiwicG9ydCI6IjQ0MyIsInBzIjoiXHVkODNkXHVkZDEyIFx1ZDgzY1x1ZGRmYVx1ZDgzY1x1ZGRmOCBVUyB8IHdzOjQ0MyBAIDY5LjMwLjE5My4xODYgfCBXaG9sZVNhbGUgSW50ZXJuZXQgXC8gQUxicmljaCwgVCB8IDYwNDZmIiwic2N5IjoiYXV0byIsInNraXAtY2VydC12ZXJpZnkiOnRydWUsInNuaSI6ImthbnNhcy5nYWZuLm9ubGluZSIsInRscyI6InRscyIsInR5cGUiOiIiLCJ2IjoiMiJ9
vmess://eyJhZGQiOiIxNzMuMjQ1LjU5LjIwMCIsImFpZCI6IjAiLCJhbHBuIjoiIiwiZnAiOiJjaHJvbWUiLCJob3N0IjoiZGU1NS52Mi10ZWguZnVuIiwiaWQiOiI3MzAwYzVhZi04NjU3LTQ4ZWEtYmEzNS00Y2MxMTc2YzUyMjAiLCJuZXQiOiJ3cyIsInBhdGgiOiJcL1JPNHZwZ1JxVlNMUFJSUWk5N3VPSnVqZGVPIiwicG9ydCI6MjA5NSwicHMiOiIgXHVkODNjXHVkZGU5XHVkODNjXHVkZGVhIERFIHwgMTk1LjIwMS4yMjEuNTcgfCBIZXR6bmVyIE9ubGluZSBHbWJIIiwic2N5IjoiY2hhY2hhMjAtcG9seTEzMDUiLCJza2lwLWNlcnQtdmVyaWZ5Ijp0cnVlLCJzbmkiOiJkZTU1LnYyLXRlaC5mdW4iLCJ0bHMiOiIiLCJ0eXBlIjoiIiwidiI6IjIifQ==
vmess://eyJhZGQiOiIxNzMuMjQ1LjU5LjIwMCIsImFpZCI6IjAiLCJmcCI6ImNocm9tZSIsImhvc3QiOiJrYW5zYXMuZ2Fmbi5vbmxpbmUiLCJpZCI6IjIyN0M1MTI4LTNBRjAtNDQ1MS1BM0Q0LURGQjZGQ0ZERTc0QSIsIm5ldCI6IndzIiwicGF0aCI6Ilwvc3BlZWR0ZXN0IiwicG9ydCI6NDQzLCJwcyI6Ilx1ZDgzZFx1ZGQxMiBcdWQ4M2NcdWRkZmFcdWQ4M2NcdWRkZjggVVMgfCA2OS4zMC4xOTMuMTg2IHwgV2hvbGVTYWxlIEludGVybmV0IFwvIEFMYnJpY2gsIFQiLCJzY3kiOiJhdXRvIiwic2tpcC1jZXJ0LXZlcmlmeSI6dHJ1ZSwic25pIjoia2Fuc2FzLmdhZm4ub25saW5lIiwidGxzIjoidGxzIiwidHlwZSI6IiIsInYiOiIyIn0=
trojan://TM4KK7vKkf@173.245.59.200:2086?ed=2048&eh=Sec-Websocket-Protocol&fp=firefox&host=mehdi21.forwardv2raytelegramchannel.fun&path=%2F%40FORWARDV2RAY&security=none&sni=mehdi21.forwardv2raytelegramchannel.fun&type=ws#
vmess://eyJhZGQiOiI1LjI1Mi4yNi42IiwiYWlkIjoiMCIsImFscG4iOiIiLCJmcCI6ImNocm9tZSIsImhvc3QiOiJtM2hkaW8xLnphcHRvLm9yZyIsImlkIjoiOWEzYTBkY2ItYTY0Yy00OTBkLTk0N2ItM2Y0ZWZlYjhkYzBmIiwibmV0Ijoid3MiLCJwYXRoIjoiXC9ARk9SV0FSRFYyUkFZIiwicG9ydCI6IjgwIiwicHMiOiJcdWQ4M2RcdWRkMzdAZm9yd2FyZHYycmF5XHVkODNkXHVkZDM3Iiwic2N5IjoiYXV0byIsInNraXAtY2VydC12ZXJpZnkiOnRydWUsInNuaSI6Im0zaGRpbzEuemFwdG8ub3JnIiwidGxzIjoibm9uZSIsInR5cGUiOiJub25lIiwidiI6IjIifQ==
vmess://eyJhZGQiOiIxNzMuMjQ1LjU5LjIwMCIsImFpZCI6IjAiLCJmcCI6ImNocm9tZSIsImhvc3QiOiJrYW5zYXMuZ2Fmbi5vbmxpbmUiLCJpZCI6IkI2MDNCRDI0LUQxMUMtNEQ1Qy05MDAwLTBCRjk0RjM4REM0MiIsIm5ldCI6IndzIiwicGF0aCI6Ilwvc3BlZWR0ZXN0IiwicG9ydCI6NDQzLCJwcyI6Ilx1ZDgzZFx1ZGQxMiBcdWQ4M2NcdWRkZmFcdWQ4M2NcdWRkZjggVVMgfCA2OS4zMC4xOTMuMTg2IHwgV2hvbGVTYWxlIEludGVybmV0IFwvIEFMYnJpY2gsIFQgfCBjYzVkZiIsInNjeSI6ImF1dG8iLCJza2lwLWNlcnQtdmVyaWZ5Ijp0cnVlLCJzbmkiOiJrYW5zYXMuZ2Fmbi5vbmxpbmUiLCJ0bHMiOiJ0bHMiLCJ0eXBlIjoiIiwidiI6IjIifQ==
vmess://eyJhZGQiOiJtZWhkaTEuZm9yd2FyZHYycmF5dGVsZWdyYW1jaGFubmVsLmZ1biIsImFpZCI6IjAiLCJhbHBuIjoiIiwiZnAiOiJjaHJvbWUiLCJob3N0IjoibWVoZGkxLmZvcndhcmR2MnJheXRlbGVncmFtY2hhbm5lbC5mdW4iLCJpZCI6ImMyY2I2ZDkzLTMxNmYtNDhkZS1iMzZmLWZkNjFlNmY0ZWQ0NyIsIm5ldCI6IndzIiwicGF0aCI6IlwvQEZPUldBUkRWMlJBWSIsInBvcnQiOiI0NDMiLCJwcyI6Ilx1N2Y4ZVx1NTZmZCh5dWRvdTY2LmNvbSBcdTczODlcdThjNDZcdTUxNGRcdThkMzlcdTgyODJcdTcwYjkpIiwic2N5IjoiYXV0byIsInNraXAtY2VydC12ZXJpZnkiOnRydWUsInNuaSI6Im1laGRpMS5mb3J3YXJkdjJyYXl0ZWxlZ3JhbWNoYW5uZWwuZnVuIiwidGxzIjoidGxzIiwidHlwZSI6Im5vbmUiLCJ2IjoiMiJ9
vmess://eyJhZGQiOiIxODguMTE0Ljk3LjciLCJhaWQiOiIwIiwiZnAiOiJjaHJvbWUiLCJob3N0Ijoia2Fuc2FzLmdhZm4ub25saW5lIiwiaWQiOiJCRjg3NEE3RS01MUQxLTQyRDAtOUU3Mi00MTdGOTQ4MjlDQzIiLCJuZXQiOiJ3cyIsInBhdGgiOiJcL3NwZWVkdGVzdCIsInBvcnQiOiI0NDMiLCJwcyI6IlJFTEFZXHVkODNkXHVkZWE5IHwga2Fuc2FzLmdhZm4ub25saW5lLTQ0MyB8IDYuMTNtcyIsInNjeSI6ImF1dG8iLCJza2lwLWNlcnQtdmVyaWZ5Ijp0cnVlLCJzbmkiOiJrYW5zYXMuZ2Fmbi5vbmxpbmUiLCJ0bHMiOiJ0bHMiLCJ0eXBlIjoiIiwidiI6IjIifQ==
vmess://eyJhZGQiOiI5Mi4yMjMuMTIuMjciLCJhaWQiOiIwIiwiYWxwbiI6IiIsImZwIjoiY2hyb21lIiwiaG9zdCI6Im0zaGRpbzEuc2VydmVoYWxmbGlmZS5jb20iLCJpZCI6IjU2YmI1NGIwLTVjZmMtNGIzNS1iYzgxLTBiMzAwYTA4YjQ2YiIsIm5ldCI6IndzIiwicGF0aCI6IlwvQEZPUldBUkRWMlJBWSIsInBvcnQiOiI4MCIsInBzIjoiXHVkODNkXHVkZDM3QGZvcndhcmR2MnJheVx1ZDgzZFx1ZGQzNyIsInNjeSI6ImF1dG8iLCJza2lwLWNlcnQtdmVyaWZ5Ijp0cnVlLCJzbmkiOiJtM2hkaW8xLnNlcnZlaGFsZmxpZmUuY29tIiwidGxzIjoibm9uZSIsInR5cGUiOiJub25lIiwidiI6IjIifQ==
vless://3e2b5eee-1f1b-45ec-8ea8-bc4e925b525a@104.18.10.128:2053?encryption=none&flow=&fp=chrome&host=online.alphav.top&security=tls&serviceName=%40V2ray_Alpha%20%40V2ray_Alpha%20%40V2ray_Alpha&sni=online.alphav.top&type=grpc#
vmess://eyJhZGQiOiIyMy4yMjcuMzguODEiLCJhaWQiOjAsImZwIjoiY2hyb21lIiwiaG9zdCI6ImRvbmd0YWl3YW5nMTMuZHRrdTQ3Lnh5eiIsImlkIjoiOTY5ZjE5MDktYzBkMy00YzMwLTgxM2QtM2FlYzVjODM4YjdkIiwibmV0Ijoid3MiLCJwYXRoIjoiXC8xSUtZalYwclwvIiwicG9ydCI6ODA4MCwicHMiOiIgXHVkODNjXHVkZGZhXHVkODNjXHVkZGY4IFVTIHwgMTA4LjE4MS4yMy4xNjEgfCBQc3ljaHogTmV0d29ya3MgXC8gVEVMVVMgQ29tbXVuaWNhdGlvbnMgSW5jLiIsInNjeSI6ImF1dG8iLCJza2lwLWNlcnQtdmVyaWZ5Ijp0cnVlLCJzbmkiOiJkb25ndGFpd2FuZzEzLmR0a3U0Ny54eXoiLCJ0bHMiOiIiLCJ2IjoiMiJ9
vmess://eyJhZGQiOiIxNzMuMjQ1LjU5LjIwMCIsImFpZCI6IjAiLCJmcCI6ImNocm9tZSIsImhvc3QiOiJmYW5jeS1kdXN0LWNmZGYubWFlZGVnaWoyMzg0LndvcmtlcnMuZGV2IiwiaWQiOiI3OTVDQUM2OC00Q0Y4LTQyRDYtQkNGNi1FREFBOEVEQ0M0MzUiLCJuZXQiOiJ3cyIsInBhdGgiOiJcL3NwZWVkdGVzdFwvS2Fuc2FzLmtvdGljay5zaXRlIiwicG9ydCI6MjA1MywicHMiOiJcdWQ4M2RcdWRkMTIgXHVkODNjXHVkZGZhXHVkODNjXHVkZGY4IFVTIHwgNjkuMzAuMTkzLjE4NiB8IFdob2xlU2FsZSBJbnRlcm5ldCBcLyBBTGJyaWNoLCBUIiwic2N5IjoiYXV0byIsInNraXAtY2VydC12ZXJpZnkiOnRydWUsInNuaSI6ImZhbmN5LWR1c3QtY2ZkZi5tYWVkZWdpajIzODQud29ya2Vycy5kZXYiLCJ0bHMiOiJ0bHMiLCJ0eXBlIjoibm9uZSIsInYiOiIyIn0=
ss://chacha20-ietf-poly1305:bNUe0jR9rzsvLEzfPmI4Of@94.131.115.129:38108#
vless://4ff79117-a1cc-45e9-a088-65c68226e8cc@5fr1.09vpn.com:80?ed=2048&eh=Sec-Websocket-Protocol&encryption=none&flow=&fp=firefox&host=internet.life.com.by&path=%2Fvless%2F&security=none&sni=internet.life.com.by&type=ws#
vmess://eyJhZGQiOiIxODguMTE0Ljk3LjciLCJhaWQiOiIwIiwiZnAiOiJjaHJvbWUiLCJob3N0Ijoia2Fuc2FzLmdhZm4ub25saW5lIiwiaWQiOiJEOTBDRTgyMy03Mjg0LTRCNDgtODI4Ni03MkUxQkQwMUVDNkIiLCJuZXQiOiJ3cyIsInBhdGgiOiJcL3NwZWVkdGVzdCIsInBvcnQiOiI0NDMiLCJwcyI6InRlbCBjaGFubmVsIDogQHYyY29uZiIsInNjeSI6ImF1dG8iLCJza2lwLWNlcnQtdmVyaWZ5Ijp0cnVlLCJzbmkiOiJrYW5zYXMuZ2Fmbi5vbmxpbmUiLCJ0bHMiOiJ0bHMiLCJ0eXBlIjoiIiwidiI6IjIifQ==
vless://19ecc6c7-a043-4117-afb9-cdc4f1e76674@mehdi3.forwardv2raytelegramchannel.fun:2083?alpn=http%2F1.1&ed=2048&eh=Sec-Websocket-Protocol&encryption=none&flow=&fp=firefox&host=mehdi3.forwardv2raytelegramchannel.fun&path=%2F%40FORWARDV2RAY&security=tls&sni=mehdi3.forwardv2raytelegramchannel.fun&type=ws#
ss://chacha20-ietf-poly1305:ucR44cpJCP9b4s7m1qHo8n@3.83.217.189:34670#
trojan://TM4KK7vKkf@mehdi32.forwardv2raytelegramchannel.fun:2086?ed=2048&eh=Sec-Websocket-Protocol&fp=firefox&host=mehdi32.forwardv2raytelegramchannel.fun&path=%2F%40FORWARDV2RAY&security=none&sni=mehdi32.forwardv2raytelegramchannel.fun&type=ws#
vless://7aa9e638-c223-4304-95c4-50555406332f@167.114.90.240:23731?allowInsecure=1&encryption=none&flow=&fp=chrome&headerType=http&host=viber.com&security=none&sni=viber.com&type=tcp#
vmess://eyJhZGQiOiIxODguMTE0Ljk3LjciLCJhaWQiOiIwIiwiZnAiOiJjaHJvbWUiLCJob3N0Ijoia2Fuc2FzLmdhZm4ub25saW5lIiwiaWQiOiJDQzM3NEM2OS02RjRBLTQ0NzktQTAzMC05QTdCQzE4M0U5NjMiLCJuZXQiOiJ3cyIsInBhdGgiOiJcL3NwZWVkdGVzdCIsInBvcnQiOiI0NDMiLCJwcyI6Ilx1ZDgzY1x1ZGRmM1x1ZDgzY1x1ZGRmMSBOZXRoZXJsYW5kcyAtIEFtc3RlcmRhbSBcdWQ4M2NcdWRmMGQgVk0tV1MtVExTIDRcdTIwZTMiLCJzY3kiOiJhdXRvIiwic2tpcC1jZXJ0LXZlcmlmeSI6dHJ1ZSwic25pIjoia2Fuc2FzLmdhZm4ub25saW5lIiwidGxzIjoidGxzIiwidHlwZSI6IiIsInYiOiIyIn0=
vless://55a013cc-fa95-4c20-c03e-086165abae5b@telegram-hajimamadvpn-join-bede.cfz-hajimmad.site:80?ed=2048&eh=Sec-Websocket-Protocol&flow=&fp=firefox&host=telegram-hajimamadvpn-join-bede.cfz-hajimmad.site&path=%40HAJIMAMADVPN-%40HAJIMAMADVPN-%40HAJIMAMADVPN-%40HAJIMAMADVPN-%40HAJIMAMADVPN-%40HAJIMAMADVPN-%40HAJIMAMADVPN&sni=telegram-hajimamadvpn-join-bede.cfz-hajimmad.site&type=ws#
vless://f7fabad7-cb60-4da5-b54a-382cfe4afe53@join-bede.savagev2ray.site:8080?encryption=none&flow=&fp=chrome&host=mihanyas.ir&mode=gun&pbk=i-Kl2D-4JUOtDpNRAH6dwbpoFsooSFN7KHQabe2EDX4&security=reality&serviceName=%40OhVpn%2C%40OhVpn%2C%40OhVpn%2C%40OhVpn%2C%40OhVpn%2C%40OhVpn%2C%40OhVpn%2C%40OhVpn%2C%40OhVpn%2C%40OhVpn%2C%40OhVpn%2C%40OhVpn%2C%40OhVpn&sid=d06d311c&sni=mihanyas.ir&type=grpc#
vless://860a363e-2537-4186-b60a-bfe5b6b14ca3@172.67.177.230:2083?flow=&fp=chrome&host=web1.alphav.top&security=tls&serviceName=%40V2ray_Alpha%20%40V2ray_Alpha%20%40V2ray_Alpha&sni=web1.alphav.top&type=grpc#
vmess://eyJhZGQiOiJoZGZ5OGQxLmZvcmlyYW4ubWUiLCJhaWQiOiIwIiwiYWxwbiI6IiIsImZwIjoiY2hyb21lIiwiaG9zdCI6Ijk1LjE3OS4xMjguMTE0IiwiaWQiOiJhNjI5MjA5MC1hZmUxLTQ2NDAtOTdhNy00ZjFkMWQ4NzdjZjEiLCJuZXQiOiJ3cyIsInBhdGgiOiJcL0F2OGN6b3JJbFlpY1U2RDM0OWJyV1V3NmEiLCJwb3J0IjoiODAiLCJwcyI6IiBcdWQ4M2NcdWRkZjNcdWQ4M2NcdWRkZjEgTkwgfCB3czo4MCBAIDEwNC4yOC4yMTkuMTQwIHwgQ2xvdWRmbGFyZSwgSW5jLiBcLyBDbG91ZGZsYXJlIFdBUlAgfCAyNTM5MSIsInNjeSI6ImF1dG8iLCJza2lwLWNlcnQtdmVyaWZ5Ijp0cnVlLCJzbmkiOiI5NS4xNzkuMTI4LjExNCIsInRscyI6IiIsInR5cGUiOiIiLCJ2IjoiMiJ9
vmess://eyJhZGQiOiIxODguMTE0Ljk3LjciLCJhaWQiOiIwIiwiZnAiOiJjaHJvbWUiLCJob3N0Ijoia2Fuc2FzLmdhZm4ub25saW5lIiwiaWQiOiJBOTM3OEI3Mi1DQTEzLTQwQjEtOTVFMi00RjQ5MTBDMTg4RDAiLCJuZXQiOiJ3cyIsInBhdGgiOiJcL3NwZWVkdGVzdCIsInBvcnQiOiI0NDMiLCJwcyI6Ilx1ZDgzY1x1ZGRmM1x1ZDgzY1x1ZGRmMSBOZXRoZXJsYW5kcyAtIEFtc3RlcmRhbSBcdWQ4M2NcdWRmMGQgVk0tV1MtVExTIDRcdTIwZTMiLCJzY3kiOiJhdXRvIiwic2tpcC1jZXJ0LXZlcmlmeSI6dHJ1ZSwic25pIjoia2Fuc2FzLmdhZm4ub25saW5lIiwidGxzIjoidGxzIiwidHlwZSI6IiIsInYiOiIyIn0=
vmess://eyJhZGQiOiIxNzMuMjQ1LjU5LjIwMCIsImFpZCI6IjAiLCJmcCI6ImNocm9tZSIsImhvc3QiOiJoaWRkaXMzLmZyZWVsaW5lcy5uZXQiLCJpZCI6IjY4NDdmOTAxLTM5MzgtNDA4My05ZmQ5LTJkZTk2YmNiNmI5ZiIsIm5ldCI6IndzIiwicGF0aCI6IlwvWHV6MU1CN2k2TWJRZ0lyZTJmY0xqcXNrbCIsInBvcnQiOjIwODcsInBzIjoiXHVkODNkXHVkZDEyIFx1ZDgzY1x1ZGRlOVx1ZDgzY1x1ZGRlYSBERSB8IHdzOjIwODcgQCAxMDQuMjguMTk3LjE1IHwgQ2xvdWRmbGFyZSwgSW5jLiBcLyBDbG91ZGZsYXJlIFdBUlAgfCA5OTExMSIsInNjeSI6ImNoYWNoYTIwLXBvbHkxMzA1Iiwic2tpcC1jZXJ0LXZlcmlmeSI6dHJ1ZSwic25pIjoiaGlkZGlzMy5mcmVlbGluZXMubmV0IiwidGxzIjoidGxzIiwidHlwZSI6IiIsInYiOiIyIn0=
vmess://eyJhZGQiOiIxNzMuMjQ1LjU5LjIwMCIsImFpZCI6IjAiLCJhbHBuIjoiIiwiZnAiOiJjaHJvbWUiLCJob3N0IjoibWVoZGk2LmZvcndhcmR2MnJheXRlbGVncmFtY2hhbm5lbC5mdW4iLCJpZCI6IjMwZmE0ODY3LWU4MWQtNDFkZi1iYjYwLTcxNmQ5NDQ0ZGJmZSIsIm5ldCI6IndzIiwicGF0aCI6IlwvQEZPUldBUkRWMlJBWSIsInBvcnQiOiI4MCIsInBzIjoiIFx1ZDgzY1x1ZGRmOFx1ZDgzY1x1ZGRlYSBTRSB8IHdzOjgwIEAgNS40Mi43Ny4xMTggfCBBZXphIEludGVybmF0aW9uYWwgTFREIFwvIEFlemEgR3JvdXAgTExDIHwgYmM5N2EiLCJzY3kiOiJhdXRvIiwic2tpcC1jZXJ0LXZlcmlmeSI6dHJ1ZSwic25pIjoibWVoZGk2LmZvcndhcmR2MnJheXRlbGVncmFtY2hhbm5lbC5mdW4iLCJ0bHMiOiIiLCJ0eXBlIjoibm9uZSIsInYiOiIyIn0=
vmess://eyJhZGQiOiI5Mi4yMjMuMTI0LjMzIiwiYWlkIjoiMCIsImZwIjoiY2hyb21lIiwiaG9zdCI6Im0zaGRpbzEuc2VydmVoYWxmbGlmZS5jb20iLCJpZCI6IjU2YmI1NGIwLTVjZmMtNGIzNS1iYzgxLTBiMzAwYTA4YjQ2YiIsIm5ldCI6IndzIiwicGF0aCI6IlwvQEZPUldBUkRWMlJBWSIsInBvcnQiOiI4MCIsInBzIjoiIFx1ZDgzY1x1ZGRmOFx1ZDgzY1x1ZGRlYSBTRSB8IHdzOjgwIEAgNS40Mi43Ny4xMTggfCBBZXphIEludGVybmF0aW9uYWwgTFREIFwvIEFlemEgR3JvdXAgTExDIHwgZjk0Y2QiLCJzY3kiOiJhdXRvIiwic2tpcC1jZXJ0LXZlcmlmeSI6dHJ1ZSwic25pIjoibTNoZGlvMS5zZXJ2ZWhhbGZsaWZlLmNvbSIsInRscyI6IiIsInR5cGUiOiIiLCJ2IjoiMiJ9
vmess://eyJhZGQiOiI1LjE4OC4xMjYuNSIsImFpZCI6IjAiLCJmcCI6ImNocm9tZSIsImhvc3QiOiJtM2hkaW8xLnphcHRvLm9yZyIsImlkIjoiOWEzYTBkY2ItYTY0Yy00OTBkLTk0N2ItM2Y0ZWZlYjhkYzBmIiwibmV0Ijoid3MiLCJwYXRoIjoiXC9ARk9SV0FSRFYyUkFZIiwicG9ydCI6IjgwIiwicHMiOiIgXHVkODNjXHVkZGY4XHVkODNjXHVkZGVhIFNFIHwgd3M6ODAgQCA1LjQyLjc3LjExOCB8IEFlemEgSW50ZXJuYXRpb25hbCBMVEQgXC8gQWV6YSBHcm91cCBMTEMgfCAwNThlYyIsInNjeSI6ImF1dG8iLCJza2lwLWNlcnQtdmVyaWZ5Ijp0cnVlLCJzbmkiOiJtM2hkaW8xLnphcHRvLm9yZyIsInRscyI6IiIsInR5cGUiOiIiLCJ2IjoiMiJ9
vmess://eyJhZGQiOiJtZWhkaTM0LmZvcndhcmR2MnJheXRlbGVncmFtY2hhbm5lbC5mdW4iLCJhaWQiOiIwIiwiYWxwbiI6IiIsImZwIjoiY2hyb21lIiwiaG9zdCI6Im1laGRpMzQuZm9yd2FyZHYycmF5dGVsZWdyYW1jaGFubmVsLmZ1biIsImlkIjoiMTI3NDFkZTctNzYwMS00OTg1LTk4MGUtNjdhODBmMjBlMWMyIiwibmV0Ijoid3MiLCJwYXRoIjoiXC9ARk9SV0FSRFYyUkFZIiwicG9ydCI6IjIwOTUiLCJwcyI6Ilx1Mjc2NFx1ZmUwZkBmb3J3YXJkdjJyYXlcdTI3NjRcdWZlMGYiLCJzY3kiOiJhdXRvIiwic2tpcC1jZXJ0LXZlcmlmeSI6dHJ1ZSwic25pIjoibWVoZGkzNC5mb3J3YXJkdjJyYXl0ZWxlZ3JhbWNoYW5uZWwuZnVuIiwidGxzIjoibm9uZSIsInR5cGUiOiJub25lIiwidiI6IjIifQ==
ss://chacha20-ietf-poly1305:6cerJipnW7jxuKKSYWVNR4@3.91.181.129:20015#
vmess://eyJhZGQiOiIxNzMuMjQ1LjU5LjIwMCIsImFpZCI6IjAiLCJmcCI6ImNocm9tZSIsImhvc3QiOiJrYW5zYXMuZ2Fmbi5vbmxpbmUiLCJpZCI6IjE2MDYzMDI0LUNGRkItNEQ2NS1CRTkxLTQ2MTVEQ0UyRDMzQSIsIm5ldCI6IndzIiwicGF0aCI6Ilwvc3BlZWR0ZXN0IiwicG9ydCI6NDQzLCJwcyI6Ilx1ZDgzZFx1ZGQxMiBcdWQ4M2NcdWRkZmFcdWQ4M2NcdWRkZjggVVMgfCA2OS4zMC4xOTMuMTg2IHwgV2hvbGVTYWxlIEludGVybmV0IFwvIEFMYnJpY2gsIFQgfCBhMDI4MCIsInNjeSI6ImF1dG8iLCJza2lwLWNlcnQtdmVyaWZ5Ijp0cnVlLCJzbmkiOiJrYW5zYXMuZ2Fmbi5vbmxpbmUiLCJ0bHMiOiJ0bHMiLCJ0eXBlIjoiIiwidiI6IjIifQ==
vless://7268edca-c366-41a7-ba8e-8dc38eec9fe2@173.245.59.200:443?flow=&fp=chrome&host=avali.nufilter.store&security=tls&serviceName=Telegram%3A%40NUFiLTER-Telegram%3A%40NUFiLTER-Telegram%3A%40NUFiLTER-Telegram%3A%40NUFiLTER-Telegram%3A%40NUFiLTER-Telegram%3A%40NUFiLTER-Telegram%3A%40NUFiLTER-Telegram%3A%40NUFiLTER-Telegram%3A%40NUFiLTER-Telegram%3A%40NUFiLTER-Telegram%3A%40NUFiLTER&sni=avali.nufilter.store&type=grpc#%F0%9F%94%92%20%F0%9F%87%A9%F0%9F%87%AA%20DE%20%7C%20157.90.16.248%20%7C%20Hetzner%20Online%20GmbH
vless://7268edca-c366-41a7-ba8e-8dc38eec9fe2@157.90.16.248:443?allowInsecure=1&flow=&fp=chrome&host=viber.com&security=tls&serviceName=Telegram%3A%40NUFiLTER-Telegram%3A%40NUFiLTER-Telegram%3A%40NUFiLTER-Telegram%3A%40NUFiLTER-Telegram%3A%40NUFiLTER-Telegram%3A%40NUFiLTER-Telegram%3A%40NUFiLTER-Telegram%3A%40NUFiLTER-Telegram%3A%40NUFiLTER-Telegram%3A%40NUFiLTER-Telegram%3A%40NUFiLTER&sni=viber.com&type=grpc#%F0%9F%94%92%20%F0%9F%87%A9%F0%9F%87%AA%20DE%20%7C%20157.90.16.248%20%7C%20Hetzner%20Online%20GmbH
vmess://eyJhZGQiOiIxNzMuMjQ1LjU5LjIwMCIsImFpZCI6IjAiLCJmcCI6ImNocm9tZSIsImhvc3QiOiJrYW5zYXMuZ2Fmbi5vbmxpbmUiLCJpZCI6IjBCMkYyNkNELUY5QUMtNDIzNi05RUVELTY5NTA4Q0I5ODk1RiIsIm5ldCI6IndzIiwicGF0aCI6Ilwvc3BlZWR0ZXN0IiwicG9ydCI6IjQ0MyIsInBzIjoiXHVkODNkXHVkZDEyIFx1ZDgzY1x1ZGRmYVx1ZDgzY1x1ZGRmOCBVUyB8IDY5LjMwLjE5My4xODYgfCBXaG9sZVNhbGUgSW50ZXJuZXQgXC8gQUxicmljaCwgVCIsInNjeSI6ImF1dG8iLCJza2lwLWNlcnQtdmVyaWZ5Ijp0cnVlLCJzbmkiOiJrYW5zYXMuZ2Fmbi5vbmxpbmUiLCJ0bHMiOiJ0bHMiLCJ0eXBlIjoiIiwidiI6IjIifQ==
vmess://eyJhZGQiOiJ0cm9qYW4tcGFuZWwuYWxwaGF2LnRvcCIsImFpZCI6IjAiLCJmcCI6ImNocm9tZSIsImhvc3QiOiJnaGJpLmlyIiwiaWQiOiJkNTZmZDcxYi1mODE5LTQzZmQtYTYxZC0zNTkzZDc0MmQ2ODIiLCJuZXQiOiJ3cyIsInBhdGgiOiJcL0JJQS1UZWxlZ3JhbS1WMnJheV9BbHBoYSIsInBvcnQiOjM3MTM4LCJwcyI6IiBcdWQ4M2NcdWRkZTlcdWQ4M2NcdWRkZWEgREUgfCA1Ljc1LjIwNy4xMjMgfCBIZXR6bmVyIE9ubGluZSBHbWJIIiwic2tpcC1jZXJ0LXZlcmlmeSI6dHJ1ZSwic25pIjoiZ2hiaS5pciIsInRscyI6IiIsInR5cGUiOiIiLCJ2IjoiMiJ9
vmess://eyJhZGQiOiIxNzMuMjQ1LjU5LjIwMCIsImFpZCI6IjAiLCJhbHBuIjoiIiwiZnAiOiJjaHJvbWUiLCJob3N0IjoiY2E1LnRlaG1lMi5mdW4iLCJpZCI6IjU4ZmUxNTQyLTUyOTAtNDBhZC04MTVhLTc3NzA3YTgxYWZlNSIsIm5ldCI6IndzIiwicGF0aCI6IlwvSU9lYmhMTWhsMUNUYkZIYkw5NW15ZlJYMiIsInBvcnQiOjIwNTIsInBzIjoiIFx1ZDgzY1x1ZGRlOFx1ZDgzY1x1ZGRlNiBDQSB8IDUxLjc5LjEwMi4yNTMgfCBPVkggU0FTIFwvIE9WSCBIb3N0aW5nLCBJbmMuIiwic2N5IjoiY2hhY2hhMjAtcG9seTEzMDUiLCJza2lwLWNlcnQtdmVyaWZ5Ijp0cnVlLCJzbmkiOiJjYTUudGVobWUyLmZ1biIsInRscyI6IiIsInR5cGUiOiIiLCJ2IjoiMiJ9
vless://7268edca-c366-41a7-ba8e-8dc38eec9fe2@157.90.16.248:443?flow=&fp=chrome&host=avali.nufilter.store&security=tls&serviceName=Telegram%3A%40NUFiLTER-Telegram%3A%40NUFiLTER-Telegram%3A%40NUFiLTER-Telegram%3A%40NUFiLTER-Telegram%3A%40NUFiLTER-Telegram%3A%40NUFiLTER-Telegram%3A%40NUFiLTER-Telegram%3A%40NUFiLTER-Telegram%3A%40NUFiLTER-Telegram%3A%40NUFiLTER-Telegram%3A%40NUFiLTER&sni=avali.nufilter.store&type=grpc#%F0%9F%94%92%20%F0%9F%87%A9%F0%9F%87%AA%20DE%20%7C%20157.90.16.248%20%7C%20Hetzner%20Online%20GmbH
trojan://6847f901-3938-4083-9fd9-2de96bcb6b9f@173.245.59.200:443?alpn=h2&ed=2048&eh=Sec-Websocket-Protocol&fp=firefox&host=hdfy2cdn2.freelines.net&path=%2FJEZzetaLe13hEgIre2fcLjqskl&security=tls&sni=hdfy2cdn2.freelines.net&type=ws#%F0%9F%94%92%20%F0%9F%87%A9%F0%9F%87%AA%20DE%20%7C%20104.28.229.15%20%7C%20Cloudflare%2C%20Inc.%20%2F%20Cloudflare%20WARP
vless://7268edca-c366-41a7-ba8e-8dc38eec9fe2@dns2.nufilter.store:443?encryption=none&flow=&fp=chrome&host=avali.nufilter.store&mode=multi&security=tls&serviceName=Telegram%3A%40NUFiLTER-Telegram%3A%40NUFiLTER-Telegram%3A%40NUFiLTER-Telegram%3A%40NUFiLTER-Telegram%3A%40NUFiLTER-Telegram%3A%40NUFiLTER-Telegram%3A%40NUFiLTER-Telegram%3A%40NUFiLTER-Telegram%3A%40NUFiLTER-Telegram%3A%40NUFiLTER-Telegram%3A%40NUFiLTER&sni=avali.nufilter.store&type=grpc#%F0%9F%94%92%20%F0%9F%87%A9%F0%9F%87%AA%20DE%20%7C%20157.90.16.248%20%7C%20Hetzner%20Online%20GmbH
vmess://eyJhZGQiOiIxNzYuMTIwLjc0LjE0MiIsImFpZCI6IjAiLCJhbHBuIjoiIiwiZnAiOiJjaHJvbWUiLCJob3N0IjoiMTc2LjEyMC43NC4xNDIiLCJpZCI6Ijc1Njk1ZjVhLWI2YWYtNDRmNC05OTgzLWFlMjUwYjUzZmY5YyIsIm5ldCI6IndzIiwicGF0aCI6IlwvIiwicG9ydCI6IjQ0MyIsInBzIjoiIFx1ZDgzY1x1ZGRlYVx1ZDgzY1x1ZGRmOCBFUyB8IDE3Ni4xMjAuNzQuMTQyIHwgU3RhcmsgSW5kdXN0cmllcyBTb2x1dGlvbnMgTFREIiwic2N5IjoiYXV0byIsInNraXAtY2VydC12ZXJpZnkiOnRydWUsInNuaSI6IjE3Ni4xMjAuNzQuMTQyIiwidGxzIjoiIiwidHlwZSI6IiIsInYiOiIyIn0=
vmess://eyJhZGQiOiI5Mi4yMjMuMTIwLjE1IiwiYWlkIjoiMCIsImFscG4iOiJodHRwXC8xLjEiLCJmcCI6ImNocm9tZSIsImhvc3QiOiJtM2hkaW8xLnphcHRvLm9yZyIsImlkIjoiOWEzYTBkY2ItYTY0Yy00OTBkLTk0N2ItM2Y0ZWZlYjhkYzBmIiwibmV0Ijoid3MiLCJwYXRoIjoiXC9ARk9SV0FSRFYyUkFZIiwicG9ydCI6IjQ0MyIsInBzIjoiXHVkODNkXHVkZDEyIFx1ZDgzY1x1ZGRmOFx1ZDgzY1x1ZGRlYSBTRSB8IDUuNDIuNzcuMTE4IHwgQWV6YSBJbnRlcm5hdGlvbmFsIExURCBcLyBBZXphIEdyb3VwIExMQyIsInNjeSI6ImF1dG8iLCJza2lwLWNlcnQtdmVyaWZ5Ijp0cnVlLCJzbmkiOiJtM2hkaW8xLnphcHRvLm9yZyIsInRscyI6InRscyIsInR5cGUiOiJub25lIiwidiI6IjIifQ==
vless://1968edf9-4a60-4c31-d68b-3ec12bbbad11@avali.nufilter.store:2053?allowInsecure=1&ed=2048&eh=Sec-Websocket-Protocol&encryption=none&flow=&fp=firefox&host=viber.com&path=%2FTelegram%3A%40NUFiLTER-Telegram%3A%40NUFiLTER-Telegram%3A%40NUFiLTER-Telegram%3A%40NUFiLTER-Telegram%3A%40NUFiLTER-Telegram%3A%40NUFiLTER-Telegram%3A%40NUFiLTER-Telegram%3A%40NUFiLTER-Telegram%3A%40NUFiLTER-Telegram%3A%40NUFiLTER-Telegram%3A%40NUFiLTER&security=tls&sni=viber.com&type=ws#%F0%9F%94%92%20%F0%9F%87%A9%F0%9F%87%AA%20DE%20%7C%20157.90.16.248%20%7C%20Hetzner%20Online%20GmbH
vless://4154e442-06c5-4793-bd87-f637a8bd38bd@45.15.158.55:25365?encryption=none&flow=&fp=chrome&host=sourceforge.net&mode=gun&pbk=y1830S5dU3iGZ5uAgXXkFtpuWGwV8IW_f0xcetb9UxY&security=reality&serviceName=TELEGRAM%3A%40ZEDMODEON%2CTELEGRAM%3A%40ZEDMODEON%2CTELEGRAM%3A%40ZEDMODEON%2CTELEGRAM%3A%40ZEDMODEON&sid=a7ddba84&sni=sourceforge.net&type=grpc#%F0%9F%94%92%20%F0%9F%87%B7%F0%9F%87%BA%20RU%20%7C%2045.15.158.55%20%7C%20Aeza%20Group%20Ltd.
vless://1968edf9-4a60-4c31-d68b-3ec12bbbad11@157.90.16.248:2053?allowInsecure=1&ed=2048&eh=Sec-Websocket-Protocol&flow=&fp=firefox&host=viber.com&path=%2FTelegram%3A%40NUFiLTER-Telegram%3A%40NUFiLTER-Telegram%3A%40NUFiLTER-Telegram%3A%40NUFiLTER-Telegram%3A%40NUFiLTER-Telegram%3A%40NUFiLTER-Telegram%3A%40NUFiLTER-Telegram%3A%40NUFiLTER-Telegram%3A%40NUFiLTER-Telegram%3A%40NUFiLTER-Telegram%3A%40NUFiLTER&security=tls&sni=viber.com&type=ws#%F0%9F%94%92%20%F0%9F%87%A9%F0%9F%87%AA%20DE%20%7C%20157.90.16.248%20%7C%20Hetzner%20Online%20GmbH
vmess://eyJhZGQiOiJkYXFlaHdpdi5zaXRlIiwiYWlkIjoiMCIsImFscG4iOiJodHRwXC8xLjEiLCJmcCI6ImNocm9tZSIsImhvc3QiOiJkYXFlaHdpdi5zaXRlIiwiaWQiOiI0ZmEzNWVhNC02NjhlLTRkN2ItOWJiYy1iODM2ODEwNjA2MTciLCJuZXQiOiJ3cyIsInBhdGgiOiJcL2t3aG12d3MiLCJwb3J0IjoiNDQzIiwicHMiOiJcdWQ4M2RcdWRkMTIgXHVkODNjXHVkZGYzXHVkODNjXHVkZGYxIE5MIHwgOTEuMjM5LjUzLjk0IHwgR1RIb3N0IFwvIExpbWl0ZWQgbGlhYmlsaXR5IGNvbXBhbnkgXCJCQUlEQUtcIiIsInNjeSI6ImF1dG8iLCJza2lwLWNlcnQtdmVyaWZ5Ijp0cnVlLCJzbmkiOiJkYXFlaHdpdi5zaXRlIiwidGxzIjoidGxzIiwidHlwZSI6Im5vbmUiLCJ2IjoiMiJ9
vless://185a8c2f-945e-4d3d-ea80-c773aca07507@157.90.16.248:28849?encryption=none&flow=&fp=chrome&host=kukal.ir&pbk=IlSbWR3lcXZ2Mrvh1nGGU0f_ftUKAW5usgMFmlP3wHo&security=reality&serviceName=Telegram%3A%40NUFiLTER-Telegram%3A%40NUFiLTER-Telegram%3A%40NUFiLTER-Telegram%3A%40NUFiLTER-Telegram%3A%40NUFiLTER-Telegram%3A%40NUFiLTER-Telegram%3A%40NUFiLTER-Telegram%3A%40NUFiLTER-Telegram%3A%40NUFiLTER-Telegram%3A%40NUFiLTER-Telegram%3A%40NUFiLTER&sid=&sni=kukal.ir&type=grpc#%F0%9F%94%92%20%F0%9F%87%A9%F0%9F%87%AA%20DE%20%7C%20157.90.16.248%20%7C%20Hetzner%20Online%20GmbH
vless://1968edf9-4a60-4c31-d68b-3ec12bbbad11@157.90.16.248:2053?ed=2048&eh=Sec-Websocket-Protocol&flow=&fp=firefox&host=avali.nufilter.store&path=%2FTelegram%3A%40NUFiLTER-Telegram%3A%40NUFiLTER-Telegram%3A%40NUFiLTER-Telegram%3A%40NUFiLTER-Telegram%3A%40NUFiLTER-Telegram%3A%40NUFiLTER-Telegram%3A%40NUFiLTER-Telegram%3A%40NUFiLTER-Telegram%3A%40NUFiLTER-Telegram%3A%40NUFiLTER-Telegram%3A%40NUFiLTER&security=tls&sni=avali.nufilter.store&type=ws#%F0%9F%94%92%20%F0%9F%87%A9%F0%9F%87%AA%20DE%20%7C%20157.90.16.248%20%7C%20Hetzner%20Online%20GmbH
vmess://eyJhZGQiOiIxNzMuMjQ1LjU5LjIwMCIsImFpZCI6IjAiLCJhbHBuIjoiaHR0cFwvMS4xIiwiZnAiOiJjaHJvbWUiLCJob3N0Ijoic291bmQtd2luZXMtZmx5ZXItc29tYS50cnljbG91ZGZsYXJlLmNvbSIsImlkIjoiZWFmMmJhZTItZjE5YS00YjkxLWE2ZTktZjgyNTUyNjk5NmRlIiwibmV0Ijoid3MiLCJwYXRoIjoiXC9ARk9SV0FSRFYyUkFZIiwicG9ydCI6IjIwOTUiLCJwcyI6IiBcdWQ4M2NcdWRkZjhcdWQ4M2NcdWRkZWEgU0UgfCA1LjQyLjc3LjExOCB8IEFlemEgSW50ZXJuYXRpb25hbCBMVEQgXC8gQWV6YSBHcm91cCBMTEMiLCJzY3kiOiJhdXRvIiwic2tpcC1jZXJ0LXZlcmlmeSI6dHJ1ZSwic25pIjoiaW1hZ2UtbG9vay1lbnNlbWJsZS1kZXBvc2l0cy50cnljbG91ZGZsYXJlLmNvbSIsInRscyI6IiIsInR5cGUiOiJub25lIiwidiI6IjIifQ==
vless://1968edf9-4a60-4c31-d68b-3ec12bbbad11@avali.nufilter.store:2053?ed=2048&eh=Sec-Websocket-Protocol&encryption=none&flow=&fp=firefox&host=avali.nufilter.store&path=%2FTelegram%3A%40NUFiLTER-Telegram%3A%40NUFiLTER-Telegram%3A%40NUFiLTER-Telegram%3A%40NUFiLTER-Telegram%3A%40NUFiLTER-Telegram%3A%40NUFiLTER-Telegram%3A%40NUFiLTER-Telegram%3A%40NUFiLTER-Telegram%3A%40NUFiLTER-Telegram%3A%40NUFiLTER-Telegram%3A%40NUFiLTER&security=tls&sni=avali.nufilter.store&type=ws#%F0%9F%94%92%20%F0%9F%87%A9%F0%9F%87%AA%20DE%20%7C%20157.90.16.248%20%7C%20Hetzner%20Online%20GmbH
vmess://eyJhZGQiOiI1LjEwMS4yMTkuNSIsImFpZCI6IjAiLCJhbHBuIjoiIiwiZnAiOiJjaHJvbWUiLCJob3N0IjoibTNoZGlvMS5zZXJ2ZWhhbGZsaWZlLmNvbSIsImlkIjoiNTZiYjU0YjAtNWNmYy00YjM1LWJjODEtMGIzMDBhMDhiNDZiIiwibmV0Ijoid3MiLCJwYXRoIjoiXC9ARk9SV0FSRFYyUkFZIiwicG9ydCI6IjgwIiwicHMiOiIgXHVkODNjXHVkZGY4XHVkODNjXHVkZGVhIFNFIHwgNS40Mi43Ny4xMTggfCBBZXphIEludGVybmF0aW9uYWwgTFREIFwvIEFlemEgR3JvdXAgTExDIiwic2N5IjoiYXV0byIsInNraXAtY2VydC12ZXJpZnkiOnRydWUsInNuaSI6Im0zaGRpbzEuc2VydmVoYWxmbGlmZS5jb20iLCJ0bHMiOiJub25lIiwidHlwZSI6Im5vbmUiLCJ2IjoiMiJ9
vmess://eyJhZGQiOiIxNzMuMjQ1LjU5LjIwMCIsImFpZCI6IjAiLCJhbHBuIjoiIiwiZnAiOiJjaHJvbWUiLCJob3N0IjoibWVoZGkxNi5mb3J3YXJkdjJyYXl0ZWxlZ3JhbWNoYW5uZWwuZnVuIiwiaWQiOiIzMGZhNDg2Ny1lODFkLTQxZGYtYmI2MC03MTZkOTQ0NGRiZmUiLCJuZXQiOiJ3cyIsInBhdGgiOiJcL0BGT1JXQVJEVjJSQVkiLCJwb3J0IjoiODAiLCJwcyI6IiBcdWQ4M2NcdWRkZjhcdWQ4M2NcdWRkZWEgU0UgfCA1LjQyLjc3LjExOCB8IEFlemEgSW50ZXJuYXRpb25hbCBMVEQgXC8gQWV6YSBHcm91cCBMTEMiLCJzY3kiOiJhdXRvIiwic2tpcC1jZXJ0LXZlcmlmeSI6dHJ1ZSwic25pIjoibWVoZGkxNi5mb3J3YXJkdjJyYXl0ZWxlZ3JhbWNoYW5uZWwuZnVuIiwidGxzIjoibm9uZSIsInR5cGUiOiJub25lIiwidiI6IjIifQ==
vmess://eyJhZGQiOiJtZWhkaTM2LmZvcndhcmR2MnJheXRlbGVncmFtY2hhbm5lbC5mdW4iLCJhaWQiOiIwIiwiYWxwbiI6Imh0dHBcLzEuMSIsImZwIjoiY2hyb21lIiwiaG9zdCI6Im1laGRpMzYuZm9yd2FyZHYycmF5dGVsZWdyYW1jaGFubmVsLmZ1biIsImlkIjoiYzJjYjZkOTMtMzE2Zi00OGRlLWIzNmYtZmQ2MWU2ZjRlZDQ3IiwibmV0Ijoid3MiLCJwYXRoIjoiXC9ARk9SV0FSRFYyUkFZIiwicG9ydCI6IjQ0MyIsInBzIjoiXHVkODNkXHVkZDEyIFx1ZDgzY1x1ZGRmOFx1ZDgzY1x1ZGRlYSBTRSB8IDUuNDIuNzcuMTE4IHwgQWV6YSBJbnRlcm5hdGlvbmFsIExURCBcLyBBZXphIEdyb3VwIExMQyIsInNjeSI6ImF1dG8iLCJza2lwLWNlcnQtdmVyaWZ5Ijp0cnVlLCJzbmkiOiJtZWhkaTM2LmZvcndhcmR2MnJheXRlbGVncmFtY2hhbm5lbC5mdW4iLCJ0bHMiOiJ0bHMiLCJ0eXBlIjoibm9uZSIsInYiOiIyIn0=
vless://7268edca-c366-41a7-ba8e-8dc38eec9fe2@104.21.63.160:443?flow=&fp=chrome&host=avali.nufilter.store&security=tls&serviceName=Telegram%3A%40NUFiLTER-Telegram%3A%40NUFiLTER-Telegram%3A%40NUFiLTER-Telegram%3A%40NUFiLTER-Telegram%3A%40NUFiLTER-Telegram%3A%40NUFiLTER-Telegram%3A%40NUFiLTER-Telegram%3A%40NUFiLTER-Telegram%3A%40NUFiLTER-Telegram%3A%40NUFiLTER-Telegram%3A%40NUFiLTER&sni=avali.nufilter.store&type=grpc#
vless://55a013cc-fa95-4c20-c03e-086165abae5b@173.245.59.200:80?ed=2048&eh=Sec-Websocket-Protocol&flow=&fp=firefox&host=telegram-hajimamadvpn-join-bede.cfz-hajimmad.site&path=%40HAJIMAMADVPN-%40HAJIMAMADVPN-%40HAJIMAMADVPN-%40HAJIMAMADVPN-%40HAJIMAMADVPN-%40HAJIMAMADVPN-%40HAJIMAMADVPN&sni=telegram-hajimamadvpn-join-bede.cfz-hajimmad.site&type=ws#
vmess://eyJhZGQiOiIxMDMuMzUuMTkwLjY1IiwiYWlkIjoiMCIsImFscG4iOiIiLCJmcCI6ImNocm9tZSIsImhvc3QiOiIxMDMuMzUuMTkwLjY1IiwiaWQiOiJlZDUzMWViZS00OTcxLTQ3ZjktYTg4MS02MzZkMGIxMDFhNDUiLCJuZXQiOiJ3cyIsInBhdGgiOiJcLyIsInBvcnQiOiI0NDMiLCJwcyI6IkpvaW4gVGVsZWdyYW0gOiBJRCBASVBfQ0YgfCIsInNjeSI6ImF1dG8iLCJza2lwLWNlcnQtdmVyaWZ5Ijp0cnVlLCJzbmkiOiIxMDMuMzUuMTkwLjY1IiwidGxzIjoiIiwidHlwZSI6IiIsInYiOiIyIn0=
ss://chacha20-ietf-poly1305:MMJUua0xwQm4KA4hwhgNSD@3.89.120.193:11545#
vmess://eyJhZGQiOiIxNzMuMjQ1LjU5LjIwMCIsImFpZCI6IjAiLCJmcCI6ImNocm9tZSIsImhvc3QiOiJrYW5zYXMuZ2Fmbi5vbmxpbmUiLCJpZCI6IkRFMjA3NkY4LUEzNTUtNDQyRS04NENFLTFBNURFMjI4Njk4NyIsIm5ldCI6IndzIiwicGF0aCI6Ilwvc3BlZWR0ZXN0IiwicG9ydCI6IjQ0MyIsInBzIjoiXHVkODNkXHVkZDEyIFx1ZDgzY1x1ZGRmYVx1ZDgzY1x1ZGRmOCBVUyB8IHdzOjQ0MyBAIDY5LjMwLjE5My4xODYgfCBXaG9sZVNhbGUgSW50ZXJuZXQgXC8gQUxicmljaCwgVCB8IDVlZDRhIiwic2N5IjoiYXV0byIsInNraXAtY2VydC12ZXJpZnkiOnRydWUsInNuaSI6ImthbnNhcy5nYWZuLm9ubGluZSIsInRscyI6InRscyIsInR5cGUiOiIiLCJ2IjoiMiJ9
vmess://eyJhZGQiOiIxNzMuMjQ1LjU5LjIwMCIsImFpZCI6IjAiLCJmcCI6ImNocm9tZSIsImhvc3QiOiJrYW5zYXMuZ2Fmbi5vbmxpbmUiLCJpZCI6IjY1RkE0NDJELTRDNTUtNEIyNS04QkYxLUVCNTcxRDBEMTcxMSIsIm5ldCI6IndzIiwicGF0aCI6Ilwvc3BlZWR0ZXN0IiwicG9ydCI6NDQzLCJwcyI6Ilx1ZDgzZFx1ZGQxMiBcdWQ4M2NcdWRkZmFcdWQ4M2NcdWRkZjggVVMgfCB3czo0NDMgQCA2OS4zMC4xOTMuMTg2IHwgV2hvbGVTYWxlIEludGVybmV0IFwvIEFMYnJpY2gsIFQgfCA2OGVlYiIsInNjeSI6ImF1dG8iLCJza2lwLWNlcnQtdmVyaWZ5Ijp0cnVlLCJzbmkiOiJrYW5zYXMuZ2Fmbi5vbmxpbmUiLCJ0bHMiOiJ0bHMiLCJ0eXBlIjoiIiwidiI6IjIifQ==
vmess://eyJhZGQiOiIxMDQuMjEuNTkuMjIwIiwiYWlkIjoiMCIsImZwIjoiY2hyb21lIiwiaG9zdCI6InYxMy41ODMxODEueHl6IiwiaWQiOiI3MDJlZTRjNy1jZWZhLTQ4MTYtOWMxMC1lMWUwNmQ3ZTQ0YWEiLCJuZXQiOiJ3cyIsInBhdGgiOiJcLyIsInBvcnQiOiIyMDUzIiwicHMiOiJcdWQ4M2NcdWRkZjNcdWQ4M2NcdWRkZTYgTmFtaWJpYSAtIE5BIFx1ZDgzY1x1ZGYwZCBWTS1XUy1UTFMgNFx1MjBlMyIsInNjeSI6ImF1dG8iLCJza2lwLWNlcnQtdmVyaWZ5Ijp0cnVlLCJzbmkiOiJ2MTMuNTgzMTgxLnh5eiIsInRscyI6InRscyIsInR5cGUiOiIiLCJ2IjoiMiJ9
vless://185a8c2f-945e-4d3d-ea80-c773aca07507@avali.nufilter.store:28849?encryption=none&flow=&fp=chrome&host=kukal.ir&mode=multi&pbk=IlSbWR3lcXZ2Mrvh1nGGU0f_ftUKAW5usgMFmlP3wHo&security=reality&serviceName=Telegram%3A%40NUFiLTER-Telegram%3A%40NUFiLTER-Telegram%3A%40NUFiLTER-Telegram%3A%40NUFiLTER-Telegram%3A%40NUFiLTER-Telegram%3A%40NUFiLTER-Telegram%3A%40NUFiLTER-Telegram%3A%40NUFiLTER-Telegram%3A%40NUFiLTER-Telegram%3A%40NUFiLTER-Telegram%3A%40NUFiLTER&sni=kukal.ir&type=grpc#
vmess://eyJhZGQiOiIxNzEuMjI5LjE5Ni4xMzciLCJhaWQiOiIwIiwiYWxwbiI6IiIsImZwIjoiY2hyb21lIiwiaG9zdCI6Im0zaGRpbzEuemFwdG8ub3JnIiwiaWQiOiI5YTNhMGRjYi1hNjRjLTQ5MGQtOTQ3Yi0zZjRlZmViOGRjMGYiLCJuZXQiOiJ3cyIsInBhdGgiOiJcL0BGT1JXQVJEVjJSQVkiLCJwb3J0IjoiODAiLCJwcyI6Ilx1ZDgzZFx1ZGQzN0Bmb3J3YXJkdjJyYXlcdWQ4M2RcdWRkMzciLCJzY3kiOiJhdXRvIiwic2tpcC1jZXJ0LXZlcmlmeSI6dHJ1ZSwic25pIjoibTNoZGlvMS56YXB0by5vcmciLCJ0bHMiOiJub25lIiwidHlwZSI6Im5vbmUiLCJ2IjoiMiJ9
vmess://eyJhZGQiOiIyYmJpb3poN3diYy5zZXJ2ZWNvdW50ZXJzdHJpa2UuY29tIiwiYWxwbiI6Imh0dHBcLzEuMSIsImZwIjoiY2hyb21lIiwiaG9zdCI6InBhbmVsamFkaWQubW9va29tZWlsei5ob21lcyIsImlkIjoiOWU5YjgwZjEtNTU1NS00ZjdkLWEyMDktZDIzYjlkOWRjMDQ3IiwibmV0Ijoid3MiLCJwYXRoIjoiXC9zbnNrIiwicG9ydCI6MjA4MywicHMiOiI0SmFkaS04NzAwIiwic2tpcC1jZXJ0LXZlcmlmeSI6dHJ1ZSwic25pIjoic25za3NrYWEubW9va29tZWlsei5ob21lcyIsInRscyI6InRscyIsInR5cGUiOiJub25lIiwidiI6IjIifQ==
vmess://eyJhZGQiOiJ3d3cuc3BlZWR0ZXN0Lm5ldCIsImFpZCI6IjAiLCJhbHBuIjoiaHR0cFwvMS4xIiwiZnAiOiJjaHJvbWUiLCJob3N0Ijoic291bmQtd2luZXMtZmx5ZXItc29tYS50cnljbG91ZGZsYXJlLmNvbSIsImlkIjoiZWFmMmJhZTItZjE5YS00YjkxLWE2ZTktZjgyNTUyNjk5NmRlIiwibmV0Ijoid3MiLCJwYXRoIjoiXC9ARk9SV0FSRFYyUkFZIiwicG9ydCI6IjIwODMiLCJwcyI6Ilx1Mjc2NFx1ZmUwZkBmb3J3YXJkdjJyYXlcdTI3NjRcdWZlMGYiLCJzY3kiOiJhdXRvIiwic2tpcC1jZXJ0LXZlcmlmeSI6dHJ1ZSwic25pIjoic291bmQtd2luZXMtZmx5ZXItc29tYS50cnljbG91ZGZsYXJlLmNvbSIsInRscyI6InRscyIsInR5cGUiOiJub25lIiwidiI6IjIifQ==
vmess://eyJhZGQiOiI1LjE4OC4xMzMuMTAiLCJhaWQiOiIwIiwiYWxwbiI6IiIsImZwIjoiY2hyb21lIiwiaG9zdCI6Im0zaGRpbzEuemFwdG8ub3JnIiwiaWQiOiI5YTNhMGRjYi1hNjRjLTQ5MGQtOTQ3Yi0zZjRlZmViOGRjMGYiLCJuZXQiOiJ3cyIsInBhdGgiOiJcL0BGT1JXQVJEVjJSQVkiLCJwb3J0IjoiODAiLCJwcyI6Ilx1ZDgzZFx1ZGQzN0Bmb3J3YXJkdjJyYXlcdWQ4M2RcdWRkMzciLCJzY3kiOiJhdXRvIiwic2tpcC1jZXJ0LXZlcmlmeSI6dHJ1ZSwic25pIjoibTNoZGlvMS56YXB0by5vcmciLCJ0bHMiOiJub25lIiwidHlwZSI6Im5vbmUiLCJ2IjoiMiJ9
vless://7268edca-c366-41a7-ba8e-8dc38eec9fe2@dns1.nufilter.store:443?encryption=none&flow=&fp=chrome&host=avali.nufilter.store&mode=multi&security=tls&serviceName=Telegram%3A%40NUFiLTER-Telegram%3A%40NUFiLTER-Telegram%3A%40NUFiLTER-Telegram%3A%40NUFiLTER-Telegram%3A%40NUFiLTER-Telegram%3A%40NUFiLTER-Telegram%3A%40NUFiLTER-Telegram%3A%40NUFiLTER-Telegram%3A%40NUFiLTER-Telegram%3A%40NUFiLTER-Telegram%3A%40NUFiLTER&sni=avali.nufilter.store&type=grpc#
vless://7268edca-c366-41a7-ba8e-8dc38eec9fe2@avali.nufilter.store:443?encryption=none&flow=&fp=chrome&host=157.90.16.248&mode=gun&security=tls&serviceName=Telegram%3A%40NUFiLTER-Telegram%3A%40NUFiLTER-Telegram%3A%40NUFiLTER-Telegram%3A%40NUFiLTER-Telegram%3A%40NUFiLTER-Telegram%3A%40NUFiLTER-Telegram%3A%40NUFiLTER-Telegram%3A%40NUFiLTER-Telegram%3A%40NUFiLTER-Telegram%3A%40NUFiLTER-Telegram%3A%40NUFiLTER&sni=157.90.16.248&type=grpc#
vless://1888768d-8daa-4f7a-ae49-2be57b035767@65.109.195.124:443?encryption=none&flow=&fp=chrome&host=www.makers.com&pbk=xmfvn--IL9hSagkQbBHcj9SEn57GzsYVDDj2ghc3rBg&security=reality&serviceName=%40Everyday_VPN&sid=637e551c&sni=www.makers.com&type=grpc#
vless://bbfbc6d7-61ae-496f-82ee-29ea5c8b30e3@167.114.90.240:51110?encryption=none&flow=&fp=chrome&headerType=http&host=telewebion.com&security=none&sni=telewebion.com&type=tcp#
vless://4e508f81-d6f4-48b9-87b1-527725bf1f22@freetunell.roshdadcollection.lol:53358?encryption=none&flow=&fp=chrome&headerType=http&host=fast.com&security=none&sni=fast.com&type=tcp#
vmess://eyJhZGQiOiIxNzMuMjQ1LjU5LjIwMCIsImFpZCI6IjAiLCJmcCI6ImNocm9tZSIsImhvc3QiOiJ2MS41ODMxODEueHl6IiwiaWQiOiI0YmQ2MGIxNi0yYWVlLTRkY2YtOTFhMS0xYjJjZGYxNmFkMmYiLCJuZXQiOiJ3cyIsInBhdGgiOiJcLyIsInBvcnQiOjIwOTYsInBzIjoiXHVkODNkXHVkZDEyIFx1ZDgzY1x1ZGRlNlx1ZDgzY1x1ZGRmYSBBVSB8IDE3MC4xODcuMjQwLjEzIHwgQWthbWFpIFRlY2hub2xvZ2llcywgSW5jLiBcLyBMaW5vZGUiLCJzY3kiOiJhdXRvIiwic2tpcC1jZXJ0LXZlcmlmeSI6dHJ1ZSwic25pIjoidjEuNTgzMTgxLnh5eiIsInRscyI6InRscyIsInR5cGUiOiIiLCJ2IjoiMiJ9
trojan://Telegram-ID-V2ray_Alpha@trojan-panel.alphav.top:8080?fp=chrome&headerType=http&host=ghbi.ir&security=&sni=ghbi.ir&type=tcp#
vless://860a363e-2537-4186-b60a-bfe5b6b14ca3@172.67.157.28:2053?encryption=none&flow=&fp=chrome&host=online.alphav.top&security=tls&serviceName=%40V2ray_Alpha%20%40V2ray_Alpha%20%40V2ray_Alpha&sni=online.alphav.top&type=grpc#
vless://860a363e-2537-4186-b60a-bfe5b6b14ca3@45.133.247.73:2053?encryption=none&flow=&fp=chrome&host=online.alphav.top&mode=multi&security=tls&serviceName=%40V2ray_Alpha%20%40V2ray_Alpha%20%40V2ray_Alpha&sni=online.alphav.top&type=grpc#
vmess://eyJhZGQiOiIyMy4yMjcuMzguODQiLCJhaWQiOiIwIiwiZnAiOiJjaHJvbWUiLCJob3N0IjoiZG9uZ3RhaXdhbmcxMy5kdGt1NDcueHl6IiwiaWQiOiI5NjlmMTkwOS1jMGQzLTRjMzAtODEzZC0zYWVjNWM4MzhiN2QiLCJuZXQiOiJ3cyIsInBhdGgiOiJcLzFJS1lqVjByXC8iLCJwb3J0IjoiODA4MCIsInBzIjoiXHVkODNjXHVkZGU4XHVkODNjXHVkZGU2IENhbmFkYSAtIE90dGF3YSBcdWQ4M2NcdWRmMGUgVk0tV1MtTkEgNFx1MjBlMyIsInNjeSI6ImF1dG8iLCJza2lwLWNlcnQtdmVyaWZ5Ijp0cnVlLCJzbmkiOiJkb25ndGFpd2FuZzEzLmR0a3U0Ny54eXoiLCJ0bHMiOiIiLCJ0eXBlIjoiIiwidiI6IjIifQ==
vmess://eyJhZGQiOiJ3d3cuc3BlZWR0ZXN0Lm5ldCIsImFpZCI6IjAiLCJhbHBuIjoiaHR0cFwvMS4xIiwiZnAiOiJjaHJvbWUiLCJob3N0Ijoic291bmQtd2luZXMtZmx5ZXItc29tYS50cnljbG91ZGZsYXJlLmNvbSIsImlkIjoiZWFmMmJhZTItZjE5YS00YjkxLWE2ZTktZjgyNTUyNjk5NmRlIiwibmV0Ijoid3MiLCJwYXRoIjoiXC9ARk9SV0FSRFYyUkFZIiwicG9ydCI6IjgwODAiLCJwcyI6Ilx1Mjc2NFx1ZmUwZkBmb3J3YXJkdjJyYXlcdTI3NjRcdWZlMGYiLCJzY3kiOiJhdXRvIiwic2tpcC1jZXJ0LXZlcmlmeSI6dHJ1ZSwic25pIjoiaW1hZ2UtbG9vay1lbnNlbWJsZS1kZXBvc2l0cy50cnljbG91ZGZsYXJlLmNvbSIsInRscyI6IiIsInR5cGUiOiJub25lIiwidiI6IjIifQ==
vmess://eyJhZGQiOiI4MC4yNDAuMTEzLjQiLCJhaWQiOiIwIiwiZnAiOiJjaHJvbWUiLCJob3N0IjoibTNoZGlvMS56YXB0by5vcmciLCJpZCI6IjlhM2EwZGNiLWE2NGMtNDkwZC05NDdiLTNmNGVmZWI4ZGMwZiIsIm5ldCI6IndzIiwicGF0aCI6IlwvQEZPUldBUkRWMlJBWSIsInBvcnQiOiI4MCIsInBzIjoiIFx1ZDgzY1x1ZGRmOFx1ZDgzY1x1ZGRlYSBTRSB8IHdzOjgwIEAgNS40Mi43Ny4xMTggfCBBZXphIEludGVybmF0aW9uYWwgTFREIFwvIEFlemEgR3JvdXAgTExDIHwgZmEzNmUiLCJzY3kiOiJhdXRvIiwic2tpcC1jZXJ0LXZlcmlmeSI6dHJ1ZSwic25pIjoibTNoZGlvMS56YXB0by5vcmciLCJ0bHMiOiIiLCJ0eXBlIjoiIiwidiI6IjIifQ==
vmess://eyJhZGQiOiI2NS4yMC4xMTMuMjAzIiwiYWlkIjoiMCIsImZwIjoiY2hyb21lIiwiaG9zdCI6InZpYmVyLmNvbSIsImlkIjoiMjUxNzgwYzEtMTUwMS00M2IzLWJlMmEtZDE0NGEyMGQ0NzlhIiwibmV0Ijoid3MiLCJwYXRoIjoiXC9OYnMyRFNUU2tGVzZNcnJGUUhlU0RRNyIsInBvcnQiOiI0NDMiLCJwcyI6Ilx1ZDgzZFx1ZGQxMiBcdWQ4M2NcdWRkZjhcdWQ4M2NcdWRkZWEgU0UgfCAxMDQuMjguMTkzLjIyMyB8IENsb3VkZmxhcmUsIEluYy4gXC8gQ2xvdWRmbGFyZSBXQVJQIiwic2N5IjoiY2hhY2hhMjAtcG9seTEzMDUiLCJza2lwLWNlcnQtdmVyaWZ5Ijp0cnVlLCJzbmkiOiJ2aWJlci5jb20iLCJ0bHMiOiJ0bHMiLCJ0eXBlIjoibm9uZSIsInYiOiIyIn0=
vmess://eyJhZGQiOiI5NC4xNzYuMTgzLjgiLCJhaWQiOiIwIiwiZnAiOiJjaHJvbWUiLCJob3N0IjoibTNoZGlvMS5zZXJ2ZWhhbGZsaWZlLmNvbSIsImlkIjoiNTZiYjU0YjAtNWNmYy00YjM1LWJjODEtMGIzMDBhMDhiNDZiIiwibmV0Ijoid3MiLCJwYXRoIjoiXC9ARk9SV0FSRFYyUkFZIiwicG9ydCI6IjgwIiwicHMiOiIgXHVkODNjXHVkZGY4XHVkODNjXHVkZGVhIFNFIHwgd3M6ODAgQCA1LjQyLjc3LjExOCB8IEFlemEgSW50ZXJuYXRpb25hbCBMVEQgXC8gQWV6YSBHcm91cCBMTEMgfCA5ZTUzMyIsInNjeSI6ImF1dG8iLCJza2lwLWNlcnQtdmVyaWZ5Ijp0cnVlLCJzbmkiOiJtM2hkaW8xLnNlcnZlaGFsZmxpZmUuY29tIiwidGxzIjoiIiwidHlwZSI6IiIsInYiOiIyIn0=
vmess://eyJhZGQiOiI5NS44NS42OS42IiwiYWlkIjoiMCIsImZwIjoiY2hyb21lIiwiaG9zdCI6Im0zaGRpbzEuc2VydmVoYWxmbGlmZS5jb20iLCJpZCI6IjU2YmI1NGIwLTVjZmMtNGIzNS1iYzgxLTBiMzAwYTA4YjQ2YiIsIm5ldCI6IndzIiwicGF0aCI6IlwvQEZPUldBUkRWMlJBWSIsInBvcnQiOiI4MCIsInBzIjoiIFx1ZDgzY1x1ZGRmOFx1ZDgzY1x1ZGRlYSBTRSB8IHdzOjgwIEAgNS40Mi43Ny4xMTggfCBBZXphIEludGVybmF0aW9uYWwgTFREIFwvIEFlemEgR3JvdXAgTExDIHwgOTdkNzMiLCJzY3kiOiJhdXRvIiwic2tpcC1jZXJ0LXZlcmlmeSI6dHJ1ZSwic25pIjoibTNoZGlvMS5zZXJ2ZWhhbGZsaWZlLmNvbSIsInRscyI6IiIsInR5cGUiOiIiLCJ2IjoiMiJ9
ss://chacha20-ietf-poly1305:6YRXJP@p0c1h3j5d6-fbnode-sg09.6pzfwf.com:56049#
vmess://eyJhZGQiOiI1LjE2MS4xMTUuMTYyIiwiYWlkIjoiMCIsImFscG4iOiIiLCJmcCI6ImNocm9tZSIsImhvc3QiOiJpbnRlcm5ldC5saWZlLmNvbS5ieSIsImlkIjoiOWMwNTBhODYtZDYxMi00OGYxLWVjMzItZTU3M2RmMDhhMWI3IiwibmV0IjoidGNwIiwicGFja2V0X2VuY29kaW5nIjoiIiwicGF0aCI6IlwvIiwicG9ydCI6IjMzODkiLCJwcyI6Ilx1ZDgzY1x1ZGRmYVx1ZDgzY1x1ZGRmOCIsInNjeSI6ImF1dG8iLCJza2lwLWNlcnQtdmVyaWZ5Ijp0cnVlLCJzbmkiOiJpbnRlcm5ldC5saWZlLmNvbS5ieSIsInRscyI6IiIsInR5cGUiOiJodHRwIiwidiI6IjIifQ==
trojan://6847f901-3938-4083-9fd9-2de96bcb6b9f@173.245.59.200:2083?alpn=h2&ed=2048&eh=Sec-Websocket-Protocol&fp=firefox&host=hiddis3.freelines.net&path=%2FJEZzetaLe13hEgIre2fcLjqskl&security=tls&sni=hiddis3.freelines.net&type=ws#
vless://7268edca-c366-41a7-ba8e-8dc38eec9fe2@avali.nufilter.store:443?allowInsecure=1&encryption=none&flow=&fp=chrome&host=viber.com&mode=gun&security=tls&serviceName=Telegram%3A%40NUFiLTER-Telegram%3A%40NUFiLTER-Telegram%3A%40NUFiLTER-Telegram%3A%40NUFiLTER-Telegram%3A%40NUFiLTER-Telegram%3A%40NUFiLTER-Telegram%3A%40NUFiLTER-Telegram%3A%40NUFiLTER-Telegram%3A%40NUFiLTER-Telegram%3A%40NUFiLTER-Telegram%3A%40NUFiLTER&sni=viber.com&type=grpc#
vmess://eyJhZGQiOiIxODguMTE0Ljk3LjciLCJhaWQiOiIwIiwiZnAiOiJjaHJvbWUiLCJob3N0Ijoia2Fuc2FzLmdhZm4ub25saW5lIiwiaWQiOiI1RTQxNjA3RS1EQUEwLTQxNzctOEEzMy0yMUM3QTZFNTJERkMiLCJuZXQiOiJ3cyIsInBhdGgiOiJcL3NwZWVkdGVzdCIsInBvcnQiOiI0NDMiLCJwcyI6InRlbCBjaGFubmVsIDogQHYyY29uZiIsInNjeSI6ImF1dG8iLCJza2lwLWNlcnQtdmVyaWZ5Ijp0cnVlLCJzbmkiOiJrYW5zYXMuZ2Fmbi5vbmxpbmUiLCJ0bHMiOiJ0bHMiLCJ0eXBlIjoiIiwidiI6IjIifQ==
vless://3ebb140a-0b66-4b44-ba15-77ef1d895948@49.13.172.42:443?encryption=none&flow=&fp=chrome&host=ozcloths.com&mode=gun&pbk=aWTbk_p5jMM2i0kL8KOSZQG0QyW8MV5Lbdn2170EcEU&security=reality&serviceName=Telegram%3A%40ASinTech-Telegram%3A%40ASinTech-Telegram%3A%40ASinTech-Telegram%3A%40ASinTech-Telegram%3A%40ASinTech-Telegram%3A%40ASinTech-Telegram%3A%40ASinTech-Telegram%3A%40ASinTech-Telegram%3A%40ASinTech-Telegram%3A%40ASinTech-Telegram%3A%40ASinTech-Telegram%3A%40ASinTech-Telegram%3A%40ASinTech&sid=4798faea&sni=ozcloths.com&type=grpc#
vless://fce9e311-b8bd-4fa6-9fe5-f6f6e80b8efc@5.182.36.99:80?encryption=none&flow=&fp=chrome&headerType=http&host=5.182.36.99&path=%2F&security=none&sni=5.182.36.99&type=tcp#
vless://4ff79117-a1cc-45e9-a088-65c68226e8cc@51.38.51.175:80?ed=2048&eh=Sec-Websocket-Protocol&flow=&fp=firefox&host=internet.life.com.by&path=%2Fvless%2F&security=none&sni=internet.life.com.by&type=ws#
vmess://eyJhZGQiOiIyMDIuMTgyLjEwNy41MiIsImFpZCI6IjAiLCJmcCI6ImNocm9tZSIsImhvc3QiOiIyMDIuMTgyLjEwNy41MiIsImlkIjoiNGIwMWU1MTctZjk4YS00ZGJkLTgwMmItMDIzMzAyYWZjMmY3IiwibmV0IjoidGNwIiwicGF0aCI6IlwvIiwicG9ydCI6MTI2MjYsInBzIjoiIFx1ZDgzY1x1ZGRlZlx1ZDgzY1x1ZGRmNSBKUCB8IHRjcDoxMjYyNiBAIDIwMi4xODIuMTA3LjUyIHwgVGhlIENvbnN0YW50IENvbXBhbnksIExMQyBcLyBUWU8gVnVsdHIgfCA3ODRjZiIsInNraXAtY2VydC12ZXJpZnkiOnRydWUsInNuaSI6IjIwMi4xODIuMTA3LjUyIiwidGxzIjoiIiwidHlwZSI6IiIsInYiOiIyIn0=
vless://7268edca-c366-41a7-ba8e-8dc38eec9fe2@avali.nufilter.store:443?encryption=none&flow=&fp=chrome&host=avali.nufilter.store&mode=gun&security=tls&serviceName=Telegram%3A%40NUFiLTER-Telegram%3A%40NUFiLTER-Telegram%3A%40NUFiLTER-Telegram%3A%40NUFiLTER-Telegram%3A%40NUFiLTER-Telegram%3A%40NUFiLTER-Telegram%3A%40NUFiLTER-Telegram%3A%40NUFiLTER-Telegram%3A%40NUFiLTER-Telegram%3A%40NUFiLTER-Telegram%3A%40NUFiLTER&sni=avali.nufilter.store&type=grpc#
vmess://eyJhZGQiOiI5My4xMjMuMzguNCIsImFpZCI6IjAiLCJhbHBuIjoiaHR0cFwvMS4xIiwiZnAiOiJjaHJvbWUiLCJob3N0IjoibTNoZGlvMS56YXB0by5vcmciLCJpZCI6IjlhM2EwZGNiLWE2NGMtNDkwZC05NDdiLTNmNGVmZWI4ZGMwZiIsIm5ldCI6IndzIiwicGF0aCI6IlwvQEZPUldBUkRWMlJBWSIsInBvcnQiOiI0NDMiLCJwcyI6Ilx1ZDgzZFx1ZGQzN0Bmb3J3YXJkdjJyYXlcdWQ4M2RcdWRkMzciLCJzY3kiOiJhdXRvIiwic2tpcC1jZXJ0LXZlcmlmeSI6dHJ1ZSwic25pIjoibTNoZGlvMS56YXB0by5vcmciLCJ0bHMiOiJ0bHMiLCJ0eXBlIjoibm9uZSIsInYiOiIyIn0=
vmess://eyJhZGQiOiJtZWhkaTExLmZvcndhcmR2MnJheXRlbGVncmFtY2hhbm5lbC5mdW4iLCJhaWQiOiIwIiwiYWxwbiI6IiIsImZwIjoiY2hyb21lIiwiaG9zdCI6Im1laGRpMTEuZm9yd2FyZHYycmF5dGVsZWdyYW1jaGFubmVsLmZ1biIsImlkIjoiMzBmYTQ4NjctZTgxZC00MWRmLWJiNjAtNzE2ZDk0NDRkYmZlIiwibmV0Ijoid3MiLCJwYXRoIjoiXC9ARk9SV0FSRFYyUkFZIiwicG9ydCI6IjgwIiwicHMiOiIgXHVkODNjXHVkZGY4XHVkODNjXHVkZGVhIFNFIHwgd3M6ODAgQCA1LjQyLjc3LjExOCB8IEFlemEgSW50ZXJuYXRpb25hbCBMVEQgXC8gQWV6YSBHcm91cCBMTEMgfCBjZTIxMSIsInNjeSI6ImF1dG8iLCJza2lwLWNlcnQtdmVyaWZ5Ijp0cnVlLCJzbmkiOiJtZWhkaTExLmZvcndhcmR2MnJheXRlbGVncmFtY2hhbm5lbC5mdW4iLCJ0bHMiOiJub25lIiwidHlwZSI6Im5vbmUiLCJ2IjoiMiJ9
vmess://eyJhZGQiOiI1LjI1Mi4yNi40IiwiYWlkIjoiMCIsImFscG4iOiIiLCJmcCI6ImNocm9tZSIsImhvc3QiOiJtM2hkaW8xLnNlcnZlaGFsZmxpZmUuY29tIiwiaWQiOiI1NmJiNTRiMC01Y2ZjLTRiMzUtYmM4MS0wYjMwMGEwOGI0NmIiLCJuZXQiOiJ3cyIsInBhdGgiOiJcL0BGT1JXQVJEVjJSQVkiLCJwb3J0IjoiODAiLCJwcyI6Ilx1ZDgzZFx1ZGQzN0Bmb3J3YXJkdjJyYXlcdWQ4M2RcdWRkMzciLCJzY3kiOiJhdXRvIiwic2tpcC1jZXJ0LXZlcmlmeSI6dHJ1ZSwic25pIjoibTNoZGlvMS5zZXJ2ZWhhbGZsaWZlLmNvbSIsInRscyI6Im5vbmUiLCJ0eXBlIjoibm9uZSIsInYiOiIyIn0=
vmess://eyJhZGQiOiI4OS4yMjMuOTAuNCIsImFpZCI6IjAiLCJhbHBuIjoiIiwiZnAiOiJjaHJvbWUiLCJob3N0IjoibTNoZGlvMS5zZXJ2ZWhhbGZsaWZlLmNvbSIsImlkIjoiNTZiYjU0YjAtNWNmYy00YjM1LWJjODEtMGIzMDBhMDhiNDZiIiwibmV0Ijoid3MiLCJwYXRoIjoiXC9ARk9SV0FSRFYyUkFZIiwicG9ydCI6IjgwIiwicHMiOiJcdWQ4M2RcdWRkMzdAZm9yd2FyZHYycmF5XHVkODNkXHVkZDM3Iiwic2N5IjoiYXV0byIsInNraXAtY2VydC12ZXJpZnkiOnRydWUsInNuaSI6Im0zaGRpbzEuc2VydmVoYWxmbGlmZS5jb20iLCJ0bHMiOiJub25lIiwidHlwZSI6Im5vbmUiLCJ2IjoiMiJ9
vmess://eyJhZGQiOiJza3AtNS4xNjEuMTE1LjE2Mi5uaXAuaW8iLCJhaWQiOiIwIiwiYWxwbiI6IiIsImZwIjoiY2hyb21lIiwiaG9zdCI6ImludGVybmV0LmxpZmUuY29tLmJ5IiwiaWQiOiI5YzA1MGE4Ni1kNjEyLTQ4ZjEtZWMzMi1lNTczZGYwOGExYjciLCJuZXQiOiJ0Y3AiLCJwYXRoIjoiXC8iLCJwb3J0IjoiMzM4OSIsInBzIjoiIFx1ZDgzY1x1ZGRmYVx1ZDgzY1x1ZGRmOCBVUyB8IDUuMTYxLjExNS4xNjIgfCBIZXR6bmVyIE9ubGluZSBHbWJIIFwvIEhFVFpORVItREMiLCJzY3kiOiJhdXRvIiwic2tpcC1jZXJ0LXZlcmlmeSI6dHJ1ZSwic25pIjoiaW50ZXJuZXQubGlmZS5jb20uYnkiLCJ0bHMiOiIiLCJ0eXBlIjoiaHR0cCIsInYiOiIyIn0=
vmess://eyJhZGQiOiJza3AtNS4xNjEuMTE1LjE2Mi5uaXAuaW8iLCJhaWQiOiIwIiwiYWxwbiI6IiIsImZwIjoiY2hyb21lIiwiaG9zdCI6InZpYmVyLmNvbSIsImlkIjoiOWMwNTBhODYtZDYxMi00OGYxLWVjMzItZTU3M2RmMDhhMWI3IiwibmV0IjoidGNwIiwicGF0aCI6IlwvIiwicG9ydCI6IjMzODkiLCJwcyI6IiBcdWQ4M2NcdWRkZmFcdWQ4M2NcdWRkZjggVVMgfCB0Y3A6MzM4OSBAIDUuMTYxLjExNS4xNjIgfCBIZXR6bmVyIE9ubGluZSBHbWJIIFwvIEhFVFpORVItREMgfCA0NGJkMCIsInNjeSI6ImF1dG8iLCJza2lwLWNlcnQtdmVyaWZ5Ijp0cnVlLCJzbmkiOiJ2aWJlci5jb20iLCJ0bHMiOiIiLCJ0eXBlIjoiaHR0cCIsInYiOiIyIn0=
vmess://eyJhZGQiOiIxODguMTE0Ljk3LjciLCJhaWQiOiIwIiwiZnAiOiJjaHJvbWUiLCJob3N0Ijoia2Fuc2FzLmdhZm4ub25saW5lIiwiaWQiOiIyRUEzQzMxNi0xMUEwLTQ2ODUtQTI3Mi1CQTM1NkMxRDZBOEEiLCJuZXQiOiJ3cyIsInBhdGgiOiJcL3NwZWVkdGVzdCIsInBvcnQiOiI0NDMiLCJwcyI6Ilx1ZDgzY1x1ZGRmM1x1ZDgzY1x1ZGRmMSBOZXRoZXJsYW5kcyAtIEFtc3RlcmRhbSBcdWQ4M2NcdWRmMGQgVk0tV1MtVExTIDRcdTIwZTMiLCJzY3kiOiJhdXRvIiwic2tpcC1jZXJ0LXZlcmlmeSI6dHJ1ZSwic25pIjoia2Fuc2FzLmdhZm4ub25saW5lIiwidGxzIjoidGxzIiwidHlwZSI6IiIsInYiOiIyIn0=
vmess://eyJhZGQiOiIxODUuMTA1LjEuMTAiLCJhaWQiOiIwIiwiYWxwbiI6Imh0dHBcLzEuMSIsImZwIjoiY2hyb21lIiwiaG9zdCI6Im0zaGRpbzEuemFwdG8ub3JnIiwiaWQiOiI5YTNhMGRjYi1hNjRjLTQ5MGQtOTQ3Yi0zZjRlZmViOGRjMGYiLCJuZXQiOiJ3cyIsInBhdGgiOiJcL0BGT1JXQVJEVjJSQVkiLCJwb3J0IjoiNDQzIiwicHMiOiJcdWQ4M2RcdWRkMzdAZm9yd2FyZHYycmF5XHVkODNkXHVkZDM3Iiwic2N5IjoiYXV0byIsInNraXAtY2VydC12ZXJpZnkiOnRydWUsInNuaSI6Im0zaGRpbzEuemFwdG8ub3JnIiwidGxzIjoidGxzIiwidHlwZSI6Im5vbmUiLCJ2IjoiMiJ9
vmess://eyJhZGQiOiIxNzMuMjQ1LjU5LjIwMCIsImFpZCI6IjAiLCJhbHBuIjoiIiwiZnAiOiJjaHJvbWUiLCJob3N0IjoibWVoZGkyNC5mb3J3YXJkdjJyYXl0ZWxlZ3JhbWNoYW5uZWwuZnVuIiwiaWQiOiIxMjc0MWRlNy03NjAxLTQ5ODUtOTgwZS02N2E4MGYyMGUxYzIiLCJuZXQiOiJ3cyIsInBhdGgiOiJcL0BGT1JXQVJEVjJSQVkiLCJwb3J0IjoiMjA5NSIsInBzIjoiIFx1ZDgzY1x1ZGRmOFx1ZDgzY1x1ZGRlYSBTRSB8IHdzOjIwOTUgQCA1LjQyLjc3LjExOCB8IEFlemEgSW50ZXJuYXRpb25hbCBMVEQgXC8gQWV6YSBHcm91cCBMTEMgfCA0YzExZiIsInNjeSI6ImF1dG8iLCJza2lwLWNlcnQtdmVyaWZ5Ijp0cnVlLCJzbmkiOiJtZWhkaTI0LmZvcndhcmR2MnJheXRlbGVncmFtY2hhbm5lbC5mdW4iLCJ0bHMiOiJub25lIiwidHlwZSI6Im5vbmUiLCJ2IjoiMiJ9
vmess://eyJhZGQiOiIxODguMTE0Ljk3LjciLCJhaWQiOiIwIiwiZnAiOiJjaHJvbWUiLCJob3N0Ijoia2Fuc2FzLmdhZm4ub25saW5lIiwiaWQiOiI4NzM4MEI3My1DQUI0LTRBQTUtQjFEQS1GRjFBQjZFQjdBOEUiLCJuZXQiOiJ3cyIsInBhdGgiOiJcL3NwZWVkdGVzdCIsInBvcnQiOiI0NDMiLCJwcyI6InRlbCBjaGFubmVsIDogQHYyY29uZiIsInNjeSI6ImF1dG8iLCJza2lwLWNlcnQtdmVyaWZ5Ijp0cnVlLCJzbmkiOiJrYW5zYXMuZ2Fmbi5vbmxpbmUiLCJ0bHMiOiJ0bHMiLCJ0eXBlIjoiIiwidiI6IjIifQ==
vless://f7fabad7-cb60-4da5-b54a-382cfe4afe53@137.74.8.119:8080?flow=&fp=chrome&host=mihanyas.ir&pbk=i-Kl2D-4JUOtDpNRAH6dwbpoFsooSFN7KHQabe2EDX4&security=reality&serviceName=%40OhVpn%2C%40OhVpn%2C%40OhVpn%2C%40OhVpn%2C%40OhVpn%2C%40OhVpn%2C%40OhVpn%2C%40OhVpn%2C%40OhVpn%2C%40OhVpn%2C%40OhVpn%2C%40OhVpn%2C%40OhVpn&sid=d06d311c&sni=mihanyas.ir&type=grpc#
trojan://NPKHOHWMzc@mehdi6.forwardv2raytelegramchannel.fun:2087?alpn=http%2F1.1&ed=2048&eh=Sec-Websocket-Protocol&fp=firefox&host=mehdi6.forwardv2raytelegramchannel.fun&path=%2F%40FORWARDV2RAY&security=tls&sni=mehdi6.forwardv2raytelegramchannel.fun&type=ws#
vmess://eyJhZGQiOiI4MC45My4yMjEuNCIsImFpZCI6IjAiLCJhbHBuIjoiIiwiZnAiOiJjaHJvbWUiLCJob3N0IjoibTNoZGlvMS5zZXJ2ZWhhbGZsaWZlLmNvbSIsImlkIjoiNTZiYjU0YjAtNWNmYy00YjM1LWJjODEtMGIzMDBhMDhiNDZiIiwibmV0Ijoid3MiLCJwYXRoIjoiXC9ARk9SV0FSRFYyUkFZIiwicG9ydCI6IjgwIiwicHMiOiJcdWQ4M2RcdWRkMzdAZm9yd2FyZHYycmF5XHVkODNkXHVkZDM3Iiwic2N5IjoiYXV0byIsInNraXAtY2VydC12ZXJpZnkiOnRydWUsInNuaSI6Im0zaGRpbzEuc2VydmVoYWxmbGlmZS5jb20iLCJ0bHMiOiJub25lIiwidHlwZSI6Im5vbmUiLCJ2IjoiMiJ9
trojan://4804f14b-c1f8-452d-a6ec-eff1490aeac9@188.114.96.1:443?alpn=http%2F1.1&ed=2048&eh=Sec-Websocket-Protocol&fp=firefox&host=hdfy6c6.cpionline.co&path=%2FMf0ozB1t4KDNJYMWXN7kCm3lL&security=tls&sni=hdfy6c6.cpionline.co&type=ws#
vmess://eyJhZGQiOiI1LjE2MS4xMTUuMTYyIiwiYWlkIjoiMCIsImZwIjoiY2hyb21lIiwiaG9zdCI6InZpYmVyLmNvbSIsImlkIjoiOWMwNTBhODYtZDYxMi00OGYxLWVjMzItZTU3M2RmMDhhMWI3IiwibmV0IjoidGNwIiwicGF0aCI6IlwvIiwicG9ydCI6IjMzODkiLCJwcyI6IiBcdWQ4M2NcdWRkZmFcdWQ4M2NcdWRkZjggVVMgfCA1LjE2MS4xMTUuMTYyIHwgSGV0em5lciBPbmxpbmUgR21iSCBcLyBIRVRaTkVSLURDIiwic2N5IjoiYXV0byIsInNraXAtY2VydC12ZXJpZnkiOnRydWUsInNuaSI6InZpYmVyLmNvbSIsInRscyI6IiIsInR5cGUiOiJodHRwIiwidiI6IjIifQ==
ss://chacha20-ietf-poly1305:5k55aIUjJaaQ8YjE6772wF@52.23.176.97:34511#
vmess://eyJhZGQiOiJtZWhkaTI1LmZvcndhcmR2MnJheXRlbGVncmFtY2hhbm5lbC5mdW4iLCJhaWQiOiIwIiwiYWxwbiI6IiIsImZwIjoiY2hyb21lIiwiaG9zdCI6Im1laGRpMjUuZm9yd2FyZHYycmF5dGVsZWdyYW1jaGFubmVsLmZ1biIsImlkIjoiZDY4NTg1YTYtZmI2Mi00ZjhlLTk2ZWUtMDEzMWJiNGQ1ODY1IiwibmV0Ijoid3MiLCJwYXRoIjoiXC9ARk9SV0FSRFYyUkFZIiwicG9ydCI6IjIwNTIiLCJwcyI6IiBcdWQ4M2NcdWRkZjhcdWQ4M2NcdWRkZWEgU0UgfCA1LjQyLjc3LjExOCB8IEFlemEgSW50ZXJuYXRpb25hbCBMVEQgXC8gQWV6YSBHcm91cCBMTEMiLCJzY3kiOiJhdXRvIiwic2tpcC1jZXJ0LXZlcmlmeSI6dHJ1ZSwic25pIjoibWVoZGkyNS5mb3J3YXJkdjJyYXl0ZWxlZ3JhbWNoYW5uZWwuZnVuIiwidGxzIjoibm9uZSIsInR5cGUiOiJub25lIiwidiI6IjIifQ==
vmess://eyJhZGQiOiJtZWhkaTIuZm9yd2FyZHYycmF5dGVsZWdyYW1jaGFubmVsLmZ1biIsImFpZCI6IjAiLCJhbHBuIjoiaHR0cFwvMS4xIiwiZnAiOiJjaHJvbWUiLCJob3N0IjoibWVoZGkyLmZvcndhcmR2MnJheXRlbGVncmFtY2hhbm5lbC5mdW4iLCJpZCI6ImMyY2I2ZDkzLTMxNmYtNDhkZS1iMzZmLWZkNjFlNmY0ZWQ0NyIsIm5ldCI6IndzIiwicGF0aCI6IlwvQEZPUldBUkRWMlJBWSIsInBvcnQiOiI0NDMiLCJwcyI6Ilx1ZDgzZFx1ZGQxMiBcdWQ4M2NcdWRkZjhcdWQ4M2NcdWRkZWEgU0UgfCA1LjQyLjc3LjExOCB8IEFlemEgSW50ZXJuYXRpb25hbCBMVEQgXC8gQWV6YSBHcm91cCBMTEMiLCJzY3kiOiJhdXRvIiwic2tpcC1jZXJ0LXZlcmlmeSI6dHJ1ZSwic25pIjoibWVoZGkyLmZvcndhcmR2MnJheXRlbGVncmFtY2hhbm5lbC5mdW4iLCJ0bHMiOiJ0bHMiLCJ0eXBlIjoibm9uZSIsInYiOiIyIn0=
vmess://eyJhZGQiOiI4MC45My4yMjEuNCIsImFpZCI6IjAiLCJhbHBuIjoiIiwiZnAiOiJjaHJvbWUiLCJob3N0IjoibTNoZGlvMS56YXB0by5vcmciLCJpZCI6IjlhM2EwZGNiLWE2NGMtNDkwZC05NDdiLTNmNGVmZWI4ZGMwZiIsIm5ldCI6IndzIiwicGF0aCI6IlwvQEZPUldBUkRWMlJBWSIsInBvcnQiOiI4MCIsInBzIjoiIFx1ZDgzY1x1ZGRmOFx1ZDgzY1x1ZGRlYSBTRSB8IDUuNDIuNzcuMTE4IHwgQWV6YSBJbnRlcm5hdGlvbmFsIExURCBcLyBBZXphIEdyb3VwIExMQyIsInNjeSI6ImF1dG8iLCJza2lwLWNlcnQtdmVyaWZ5Ijp0cnVlLCJzbmkiOiJtM2hkaW8xLnphcHRvLm9yZyIsInRscyI6Im5vbmUiLCJ0eXBlIjoibm9uZSIsInYiOiIyIn0=
vmess://eyJhZGQiOiIxNzEuMjI5LjE5Ni4xMzMiLCJhaWQiOiIwIiwiYWxwbiI6IiIsImZwIjoiY2hyb21lIiwiaG9zdCI6Im0zaGRpbzEuemFwdG8ub3JnIiwiaWQiOiI5YTNhMGRjYi1hNjRjLTQ5MGQtOTQ3Yi0zZjRlZmViOGRjMGYiLCJuZXQiOiJ3cyIsInBhdGgiOiJcL0BGT1JXQVJEVjJSQVkiLCJwb3J0IjoiODAiLCJwcyI6IiBcdWQ4M2NcdWRkZjhcdWQ4M2NcdWRkZWEgU0UgfCA1LjQyLjc3LjExOCB8IEFlemEgSW50ZXJuYXRpb25hbCBMVEQgXC8gQWV6YSBHcm91cCBMTEMiLCJzY3kiOiJhdXRvIiwic2tpcC1jZXJ0LXZlcmlmeSI6dHJ1ZSwic25pIjoibTNoZGlvMS56YXB0by5vcmciLCJ0bHMiOiJub25lIiwidHlwZSI6Im5vbmUiLCJ2IjoiMiJ9
vmess://eyJhZGQiOiIxODUuMTA1LjEuMTAiLCJhaWQiOiIwIiwiYWxwbiI6IiIsImZwIjoiY2hyb21lIiwiaG9zdCI6Im0zaGRpbzEuc2VydmVoYWxmbGlmZS5jb20iLCJpZCI6IjU2YmI1NGIwLTVjZmMtNGIzNS1iYzgxLTBiMzAwYTA4YjQ2YiIsIm5ldCI6IndzIiwicGF0aCI6IlwvQEZPUldBUkRWMlJBWSIsInBvcnQiOiI4MCIsInBzIjoiIFx1ZDgzY1x1ZGRmOFx1ZDgzY1x1ZGRlYSBTRSB8IDUuNDIuNzcuMTE4IHwgQWV6YSBJbnRlcm5hdGlvbmFsIExURCBcLyBBZXphIEdyb3VwIExMQyIsInNjeSI6ImF1dG8iLCJza2lwLWNlcnQtdmVyaWZ5Ijp0cnVlLCJzbmkiOiJtM2hkaW8xLnNlcnZlaGFsZmxpZmUuY29tIiwidGxzIjoibm9uZSIsInR5cGUiOiJub25lIiwidiI6IjIifQ==
vmess://eyJhZGQiOiIxNzMuMjQ1LjU5LjIwMCIsImFpZCI6IjAiLCJhbHBuIjoiIiwiZnAiOiJjaHJvbWUiLCJob3N0IjoibWVoZGkyNS5mb3J3YXJkdjJyYXl0ZWxlZ3JhbWNoYW5uZWwuZnVuIiwiaWQiOiJkNjg1ODVhNi1mYjYyLTRmOGUtOTZlZS0wMTMxYmI0ZDU4NjUiLCJuZXQiOiJ3cyIsInBhdGgiOiJcL0BGT1JXQVJEVjJSQVkiLCJwb3J0IjoiMjA1MiIsInBzIjoiIFx1ZDgzY1x1ZGRmOFx1ZDgzY1x1ZGRlYSBTRSB8IDUuNDIuNzcuMTE4IHwgQWV6YSBJbnRlcm5hdGlvbmFsIExURCBcLyBBZXphIEdyb3VwIExMQyIsInNjeSI6ImF1dG8iLCJza2lwLWNlcnQtdmVyaWZ5Ijp0cnVlLCJzbmkiOiJtZWhkaTI1LmZvcndhcmR2MnJheXRlbGVncmFtY2hhbm5lbC5mdW4iLCJ0bHMiOiJub25lIiwidHlwZSI6Im5vbmUiLCJ2IjoiMiJ9
vless://8e518335-0f9e-4fce-af7f-58ce89c986bf@173.245.59.200:2082?ed=2048&eh=Sec-Websocket-Protocol&encryption=none&flow=&fp=firefox&host=mehdi27.forwardv2raytelegramchannel.fun&path=%2F%40FORWARDV2RAY&security=none&sni=mehdi27.forwardv2raytelegramchannel.fun&type=ws#%20%F0%9F%87%B8%F0%9F%87%AA%20SE%20%7C%205.42.77.118%20%7C%20Aeza%20International%20LTD%20%2F%20Aeza%20Group%20LLC
vmess://eyJhZGQiOiI1LjI1Mi4yNi40IiwiYWlkIjoiMCIsImFscG4iOiJodHRwXC8xLjEiLCJmcCI6ImNocm9tZSIsImhvc3QiOiJtM2hkaW8xLnNlcnZlaGFsZmxpZmUuY29tIiwiaWQiOiI1NmJiNTRiMC01Y2ZjLTRiMzUtYmM4MS0wYjMwMGEwOGI0NmIiLCJuZXQiOiJ3cyIsInBhdGgiOiJcL0BGT1JXQVJEVjJSQVkiLCJwb3J0IjoiNDQzIiwicHMiOiJcdWQ4M2RcdWRkMTIgXHVkODNjXHVkZGY4XHVkODNjXHVkZGVhIFNFIHwgNS40Mi43Ny4xMTggfCBBZXphIEludGVybmF0aW9uYWwgTFREIFwvIEFlemEgR3JvdXAgTExDIiwic2N5IjoiYXV0byIsInNraXAtY2VydC12ZXJpZnkiOnRydWUsInNuaSI6Im0zaGRpbzEuc2VydmVoYWxmbGlmZS5jb20iLCJ0bHMiOiJ0bHMiLCJ0eXBlIjoibm9uZSIsInYiOiIyIn0=
vmess://eyJhZGQiOiI4Mi4yMTMuNS41MCIsImFpZCI6IjAiLCJmcCI6ImNocm9tZSIsImhvc3QiOiJtM2hkaW8xLnNlcnZlaGFsZmxpZmUuY29tIiwiaWQiOiI1NmJiNTRiMC01Y2ZjLTRiMzUtYmM4MS0wYjMwMGEwOGI0NmIiLCJuZXQiOiJ3cyIsInBhdGgiOiJcL0BGT1JXQVJEVjJSQVkiLCJwb3J0IjoiODAiLCJwcyI6IiBcdWQ4M2NcdWRkZjhcdWQ4M2NcdWRkZWEgU0UgfCA1LjQyLjc3LjExOCB8IEFlemEgSW50ZXJuYXRpb25hbCBMVEQgXC8gQWV6YSBHcm91cCBMTEMiLCJzY3kiOiJhdXRvIiwic2tpcC1jZXJ0LXZlcmlmeSI6dHJ1ZSwic25pIjoibTNoZGlvMS5zZXJ2ZWhhbGZsaWZlLmNvbSIsInRscyI6IiIsInR5cGUiOiIiLCJ2IjoiMiJ9
vmess://eyJhZGQiOiI0NS42NS44LjQiLCJhaWQiOiIwIiwiYWxwbiI6IiIsImZwIjoiY2hyb21lIiwiaG9zdCI6Im0zaGRpbzEuc2VydmVoYWxmbGlmZS5jb20iLCJpZCI6IjU2YmI1NGIwLTVjZmMtNGIzNS1iYzgxLTBiMzAwYTA4YjQ2YiIsIm5ldCI6IndzIiwicGF0aCI6IlwvQEZPUldBUkRWMlJBWSIsInBvcnQiOiI4MCIsInBzIjoiIFx1ZDgzY1x1ZGRmOFx1ZDgzY1x1ZGRlYSBTRSB8IDUuNDIuNzcuMTE4IHwgQWV6YSBJbnRlcm5hdGlvbmFsIExURCBcLyBBZXphIEdyb3VwIExMQyIsInNjeSI6ImF1dG8iLCJza2lwLWNlcnQtdmVyaWZ5Ijp0cnVlLCJzbmkiOiJtM2hkaW8xLnNlcnZlaGFsZmxpZmUuY29tIiwidGxzIjoibm9uZSIsInR5cGUiOiJub25lIiwidiI6IjIifQ==
vmess://eyJhZGQiOiI3OS4xMzMuMTA4LjUiLCJhaWQiOiIwIiwiYWxwbiI6Imh0dHBcLzEuMSIsImZwIjoiY2hyb21lIiwiaG9zdCI6Im0zaGRpbzEuc2VydmVoYWxmbGlmZS5jb20iLCJpZCI6IjU2YmI1NGIwLTVjZmMtNGIzNS1iYzgxLTBiMzAwYTA4YjQ2YiIsIm5ldCI6IndzIiwicGF0aCI6IlwvQEZPUldBUkRWMlJBWSIsInBvcnQiOiI0NDMiLCJwcyI6Ilx1ZDgzZFx1ZGQxMiBcdWQ4M2NcdWRkZjhcdWQ4M2NcdWRkZWEgU0UgfCA1LjQyLjc3LjExOCB8IEFlemEgSW50ZXJuYXRpb25hbCBMVEQgXC8gQWV6YSBHcm91cCBMTEMiLCJzY3kiOiJhdXRvIiwic2tpcC1jZXJ0LXZlcmlmeSI6dHJ1ZSwic25pIjoibTNoZGlvMS5zZXJ2ZWhhbGZsaWZlLmNvbSIsInRscyI6InRscyIsInR5cGUiOiJub25lIiwidiI6IjIifQ==
vmess://eyJhZGQiOiJ3d3cuc3BlZWR0ZXN0Lm5ldCIsImFpZCI6IjAiLCJhbHBuIjoiaHR0cFwvMS4xIiwiZnAiOiJjaHJvbWUiLCJob3N0Ijoic291bmQtd2luZXMtZmx5ZXItc29tYS50cnljbG91ZGZsYXJlLmNvbSIsImlkIjoiZWFmMmJhZTItZjE5YS00YjkxLWE2ZTktZjgyNTUyNjk5NmRlIiwibmV0Ijoid3MiLCJwYXRoIjoiXC9ARk9SV0FSRFYyUkFZIiwicG9ydCI6Ijg4ODAiLCJwcyI6IiBcdWQ4M2NcdWRkZjhcdWQ4M2NcdWRkZWEgU0UgfCA1LjQyLjc3LjExOCB8IEFlemEgSW50ZXJuYXRpb25hbCBMVEQgXC8gQWV6YSBHcm91cCBMTEMiLCJzY3kiOiJhdXRvIiwic2tpcC1jZXJ0LXZlcmlmeSI6dHJ1ZSwic25pIjoiaW1hZ2UtbG9vay1lbnNlbWJsZS1kZXBvc2l0cy50cnljbG91ZGZsYXJlLmNvbSIsInRscyI6IiIsInR5cGUiOiJub25lIiwidiI6IjIifQ==
trojan://TM4KK7vKkf@173.245.59.200:2086?ed=2048&eh=Sec-Websocket-Protocol&fp=firefox&host=mehdi22.forwardv2raytelegramchannel.fun&path=%2F%40FORWARDV2RAY&security=none&sni=mehdi22.forwardv2raytelegramchannel.fun&type=ws#%20%F0%9F%87%B8%F0%9F%87%AA%20SE%20%7C%205.42.77.118%20%7C%20Aeza%20International%20LTD%20%2F%20Aeza%20Group%20LLC
vless://e95b8e46-9387-4686-a851-c32a72c528c2@173.245.59.200:8880?ed=2048&eh=Sec-Websocket-Protocol&encryption=none&flow=&fp=firefox&host=mehdi23.forwardv2raytelegramchannel.fun&path=%2F%40FORWARDV2RAY&security=none&sni=mehdi23.forwardv2raytelegramchannel.fun&type=ws#%20%F0%9F%87%B8%F0%9F%87%AA%20SE%20%7C%205.42.77.118%20%7C%20Aeza%20International%20LTD%20%2F%20Aeza%20Group%20LLC
vless://0f85723e-34d9-4229-ca9d-b2cf1ae4685f@api.4gthost.dynu.com:8088?allowInsecure=1&encryption=none&flow=&fp=chrome&headerType=none&host=viber.com&security=tls&sni=viber.com&type=tcp#%F0%9F%94%92%20%F0%9F%87%BA%F0%9F%87%B8%20US%20%7C%2023.134.94.122%20%7C%20GTHost%20%2F%20Cloudie%20Networks%20LLC
vmess://eyJhZGQiOiI1LjE4OS4yMDcuNSIsImFpZCI6IjAiLCJmcCI6ImNocm9tZSIsImhvc3QiOiJtM2hkaW8xLnphcHRvLm9yZyIsImlkIjoiOWEzYTBkY2ItYTY0Yy00OTBkLTk0N2ItM2Y0ZWZlYjhkYzBmIiwibmV0Ijoid3MiLCJwYXRoIjoiXC9ARk9SV0FSRFYyUkFZIiwicG9ydCI6IjQ0MyIsInBzIjoiXHVkODNkXHVkZDEyIFx1ZDgzY1x1ZGRmOFx1ZDgzY1x1ZGRlYSBTRSB8IDUuNDIuNzcuMTE4IHwgQWV6YSBJbnRlcm5hdGlvbmFsIExURCBcLyBBZXphIEdyb3VwIExMQyIsInNjeSI6ImF1dG8iLCJza2lwLWNlcnQtdmVyaWZ5Ijp0cnVlLCJzbmkiOiJtM2hkaW8xLnphcHRvLm9yZyIsInRscyI6InRscyIsInR5cGUiOiIiLCJ2IjoiMiJ9
vmess://eyJhZGQiOiJ3d3cuc3BlZWR0ZXN0Lm5ldCIsImFpZCI6IjAiLCJhbHBuIjoiaHR0cFwvMS4xIiwiZnAiOiJjaHJvbWUiLCJob3N0Ijoic291bmQtd2luZXMtZmx5ZXItc29tYS50cnljbG91ZGZsYXJlLmNvbSIsImlkIjoiZWFmMmJhZTItZjE5YS00YjkxLWE2ZTktZjgyNTUyNjk5NmRlIiwibmV0Ijoid3MiLCJwYXRoIjoiXC9ARk9SV0FSRFYyUkFZIiwicG9ydCI6IjIwNTIiLCJwcyI6IiBcdWQ4M2NcdWRkZjhcdWQ4M2NcdWRkZWEgU0UgfCA1LjQyLjc3LjExOCB8IEFlemEgSW50ZXJuYXRpb25hbCBMVEQgXC8gQWV6YSBHcm91cCBMTEMiLCJzY3kiOiJhdXRvIiwic2tpcC1jZXJ0LXZlcmlmeSI6dHJ1ZSwic25pIjoiaW1hZ2UtbG9vay1lbnNlbWJsZS1kZXBvc2l0cy50cnljbG91ZGZsYXJlLmNvbSIsInRscyI6IiIsInR5cGUiOiJub25lIiwidiI6IjIifQ==
vmess://eyJhZGQiOiJtZWhkaTkuZm9yd2FyZHYycmF5dGVsZWdyYW1jaGFubmVsLmZ1biIsImFpZCI6IjAiLCJhbHBuIjoiIiwiZnAiOiJjaHJvbWUiLCJob3N0IjoibWVoZGk5LmZvcndhcmR2MnJheXRlbGVncmFtY2hhbm5lbC5mdW4iLCJpZCI6ImQ2ODU4NWE2LWZiNjItNGY4ZS05NmVlLTAxMzFiYjRkNTg2NSIsIm5ldCI6IndzIiwicGF0aCI6IlwvQEZPUldBUkRWMlJBWSIsInBvcnQiOiIyMDUyIiwicHMiOiIgXHVkODNjXHVkZGY4XHVkODNjXHVkZGVhIFNFIHwgNS40Mi43Ny4xMTggfCBBZXphIEludGVybmF0aW9uYWwgTFREIFwvIEFlemEgR3JvdXAgTExDIiwic2N5IjoiYXV0byIsInNraXAtY2VydC12ZXJpZnkiOnRydWUsInNuaSI6Im1laGRpOS5mb3J3YXJkdjJyYXl0ZWxlZ3JhbWNoYW5uZWwuZnVuIiwidGxzIjoiIiwidHlwZSI6IiIsInYiOiIyIn0=
trojan://va4FpeWBIi@173.245.59.200:8080?ed=2048&eh=Sec-Websocket-Protocol&fp=firefox&host=mehdi20.forwardv2raytelegramchannel.fun&path=%2F%40FORWARDV2RAY&security=none&sni=mehdi20.forwardv2raytelegramchannel.fun&type=ws#%20%F0%9F%87%B8%F0%9F%87%AA%20SE%20%7C%205.42.77.118%20%7C%20Aeza%20International%20LTD%20%2F%20Aeza%20Group%20LLC
vmess://eyJhZGQiOiIxOTcuMjE1LjE0MC4yMzUiLCJhaWQiOiIwIiwiZnAiOiJjaHJvbWUiLCJob3N0IjoibTNoZGlvMS56YXB0by5vcmciLCJpZCI6IjlhM2EwZGNiLWE2NGMtNDkwZC05NDdiLTNmNGVmZWI4ZGMwZiIsIm5ldCI6IndzIiwicGF0aCI6IlwvQEZPUldBUkRWMlJBWSIsInBvcnQiOiI4MCIsInBzIjoiIFx1ZDgzY1x1ZGRmOFx1ZDgzY1x1ZGRlYSBTRSB8IDUuNDIuNzcuMTE4IHwgQWV6YSBJbnRlcm5hdGlvbmFsIExURCBcLyBBZXphIEdyb3VwIExMQyIsInNjeSI6ImF1dG8iLCJza2lwLWNlcnQtdmVyaWZ5Ijp0cnVlLCJzbmkiOiJtM2hkaW8xLnphcHRvLm9yZyIsInRscyI6IiIsInR5cGUiOiIiLCJ2IjoiMiJ9
vmess://eyJhZGQiOiIxNzAuMjM4LjIzNC4yMTciLCJhaWQiOiIwIiwiYWxwbiI6IiIsImZwIjoiY2hyb21lIiwiaG9zdCI6Im0zaGRpbzEuemFwdG8ub3JnIiwiaWQiOiI5YTNhMGRjYi1hNjRjLTQ5MGQtOTQ3Yi0zZjRlZmViOGRjMGYiLCJuZXQiOiJ3cyIsInBhdGgiOiJcL0BGT1JXQVJEVjJSQVkiLCJwb3J0IjoiODAiLCJwcyI6IiBcdWQ4M2NcdWRkZjhcdWQ4M2NcdWRkZWEgU0UgfCA1LjQyLjc3LjExOCB8IEFlemEgSW50ZXJuYXRpb25hbCBMVEQgXC8gQWV6YSBHcm91cCBMTEMiLCJzY3kiOiJhdXRvIiwic2tpcC1jZXJ0LXZlcmlmeSI6dHJ1ZSwic25pIjoibTNoZGlvMS56YXB0by5vcmciLCJ0bHMiOiJub25lIiwidHlwZSI6Im5vbmUiLCJ2IjoiMiJ9
vless://d7520de7-699d-47e3-a6af-9ddb1075ff61@13.39.240.178:8088?alpn=h2&encryption=none&flow=&fp=chrome&host=www.providesupport.com&security=tls&sni=www.providesupport.com&type=tcp#%F0%9F%94%92%20%F0%9F%87%BA%F0%9F%87%B8%20US%20%7C%20169.197.140.174%20%7C%20GTHost
trojan://va4FpeWBIi@mehdi20.forwardv2raytelegramchannel.fun:8080?ed=2048&eh=Sec-Websocket-Protocol&fp=firefox&host=mehdi20.forwardv2raytelegramchannel.fun&path=%2F%40FORWARDV2RAY&security=none&sni=mehdi20.forwardv2raytelegramchannel.fun&type=ws#%20%F0%9F%87%B8%F0%9F%87%AA%20SE%20%7C%205.42.77.118%20%7C%20Aeza%20International%20LTD%20%2F%20Aeza%20Group%20LLC
vmess://eyJhZGQiOiIxMDkuMTIzLjIzMC4xNTciLCJhaWQiOiIwIiwiYWxwbiI6IiIsImZwIjoiY2hyb21lIiwiaG9zdCI6InZpYmVyLmNvbSIsImlkIjoiNTk1MTdlMGItYWUxYy00MWQzLTljNDQtYzQ0Y2VhNmY3NTQ2IiwibmV0Ijoid3MiLCJwYXRoIjoiXC90YWtlc2hpLndpa2kiLCJwb3J0IjoiODAiLCJwcyI6IiBcdWQ4M2NcdWRkZWZcdWQ4M2NcdWRkZjUgSlAgfCAxMDkuMTIzLjIzMC4xNTcgfCBDb250YWJvIEFzaWEgUHJpdmF0ZSBMaW1pdGVkIFwvIENvbnRhYm8gR21iSCIsInNjeSI6IiIsInNraXAtY2VydC12ZXJpZnkiOnRydWUsInNuaSI6InZpYmVyLmNvbSIsInRscyI6IiIsInR5cGUiOiIiLCJ2IjoiMiJ9
vmess://eyJhZGQiOiI4MC45My4yMjMuNCIsImFpZCI6IjAiLCJhbHBuIjoiaHR0cFwvMS4xIiwiZnAiOiJjaHJvbWUiLCJob3N0IjoibTNoZGlvMS5zZXJ2ZWhhbGZsaWZlLmNvbSIsImlkIjoiNTZiYjU0YjAtNWNmYy00YjM1LWJjODEtMGIzMDBhMDhiNDZiIiwibmV0Ijoid3MiLCJwYXRoIjoiXC9ARk9SV0FSRFYyUkFZIiwicG9ydCI6IjQ0MyIsInBzIjoiXHVkODNkXHVkZDEyIFx1ZDgzY1x1ZGRmOFx1ZDgzY1x1ZGRlYSBTRSB8IDUuNDIuNzcuMTE4IHwgQWV6YSBJbnRlcm5hdGlvbmFsIExURCBcLyBBZXphIEdyb3VwIExMQyIsInNjeSI6ImF1dG8iLCJza2lwLWNlcnQtdmVyaWZ5Ijp0cnVlLCJzbmkiOiJtM2hkaW8xLnNlcnZlaGFsZmxpZmUuY29tIiwidGxzIjoidGxzIiwidHlwZSI6Im5vbmUiLCJ2IjoiMiJ9
vmess://eyJhZGQiOiI0NS44Mi4xMDAuNCIsImFpZCI6IjAiLCJhbHBuIjoiaHR0cFwvMS4xIiwiZnAiOiJjaHJvbWUiLCJob3N0IjoibTNoZGlvMS56YXB0by5vcmciLCJpZCI6IjlhM2EwZGNiLWE2NGMtNDkwZC05NDdiLTNmNGVmZWI4ZGMwZiIsIm5ldCI6IndzIiwicGF0aCI6IlwvQEZPUldBUkRWMlJBWSIsInBvcnQiOiI0NDMiLCJwcyI6Ilx1ZDgzZFx1ZGQxMiBcdWQ4M2NcdWRkZjhcdWQ4M2NcdWRkZWEgU0UgfCA1LjQyLjc3LjExOCB8IEFlemEgSW50ZXJuYXRpb25hbCBMVEQgXC8gQWV6YSBHcm91cCBMTEMiLCJzY3kiOiJhdXRvIiwic2tpcC1jZXJ0LXZlcmlmeSI6dHJ1ZSwic25pIjoibTNoZGlvMS56YXB0by5vcmciLCJ0bHMiOiJ0bHMiLCJ0eXBlIjoibm9uZSIsInYiOiIyIn0=
ss://chacha20-ietf-poly1305:1GjD02Iom4xIncLSyRQFbi@195.2.92.123:443#%20%F0%9F%87%B3%F0%9F%87%B1%20NL%20%7C%20195.2.92.123%20%7C%20Hosting%20technology%20LTD%20%2F%20Servers%20Tech%20Fzco
vmess://eyJhZGQiOiI4MC4yNDAuMTEzLjUiLCJhaWQiOiIwIiwiZnAiOiJjaHJvbWUiLCJob3N0IjoibTNoZGlvMS56YXB0by5vcmciLCJpZCI6IjlhM2EwZGNiLWE2NGMtNDkwZC05NDdiLTNmNGVmZWI4ZGMwZiIsIm5ldCI6IndzIiwicGF0aCI6IlwvQEZPUldBUkRWMlJBWSIsInBvcnQiOiI4MCIsInBzIjoiIFx1ZDgzY1x1ZGRmOFx1ZDgzY1x1ZGRlYSBTRSB8IDUuNDIuNzcuMTE4IHwgQWV6YSBJbnRlcm5hdGlvbmFsIExURCBcLyBBZXphIEdyb3VwIExMQyIsInNjeSI6ImF1dG8iLCJza2lwLWNlcnQtdmVyaWZ5Ijp0cnVlLCJzbmkiOiJtM2hkaW8xLnphcHRvLm9yZyIsInRscyI6IiIsInR5cGUiOiIiLCJ2IjoiMiJ9
vmess://eyJhZGQiOiJtM2hkaW8xLnNlcnZlaGFsZmxpZmUuY29tIiwiYWlkIjoiMCIsImZwIjoiY2hyb21lIiwiaG9zdCI6Im0zaGRpbzEuc2VydmVoYWxmbGlmZS5jb20iLCJpZCI6IjU2YmI1NGIwLTVjZmMtNGIzNS1iYzgxLTBiMzAwYTA4YjQ2YiIsIm5ldCI6IndzIiwicGF0aCI6IlwvQEZPUldBUkRWMlJBWSIsInBvcnQiOiI0NDMiLCJwcyI6Ilx1ZDgzZFx1ZGQxMiBcdWQ4M2NcdWRkZjhcdWQ4M2NcdWRkZWEgU0UgfCA1LjQyLjc3LjExOCB8IEFlemEgSW50ZXJuYXRpb25hbCBMVEQgXC8gQWV6YSBHcm91cCBMTEMiLCJzY3kiOiJhdXRvIiwic2tpcC1jZXJ0LXZlcmlmeSI6dHJ1ZSwic25pIjoibTNoZGlvMS5zZXJ2ZWhhbGZsaWZlLmNvbSIsInRscyI6InRscyIsInR5cGUiOiIiLCJ2IjoiMiJ9
vmess://eyJhZGQiOiI4MC4yNDAuMTEzLjUiLCJhaWQiOiIwIiwiYWxwbiI6Imh0dHBcLzEuMSIsImZwIjoiY2hyb21lIiwiaG9zdCI6Im0zaGRpbzEuemFwdG8ub3JnIiwiaWQiOiI5YTNhMGRjYi1hNjRjLTQ5MGQtOTQ3Yi0zZjRlZmViOGRjMGYiLCJuZXQiOiJ3cyIsInBhdGgiOiJcL0BGT1JXQVJEVjJSQVkiLCJwb3J0IjoiNDQzIiwicHMiOiJcdWQ4M2RcdWRkMTIgXHVkODNjXHVkZGY4XHVkODNjXHVkZGVhIFNFIHwgNS40Mi43Ny4xMTggfCBBZXphIEludGVybmF0aW9uYWwgTFREIFwvIEFlemEgR3JvdXAgTExDIiwic2N5IjoiYXV0byIsInNraXAtY2VydC12ZXJpZnkiOnRydWUsInNuaSI6Im0zaGRpbzEuemFwdG8ub3JnIiwidGxzIjoidGxzIiwidHlwZSI6Im5vbmUiLCJ2IjoiMiJ9
vless://61958b98-d52a-420e-bb42-a3fd22985895@173.245.59.200:2096?alpn=h2%2Chttp%2F1.1&encryption=none&flow=&fp=chrome&host=xwlondon.unoix.cloud&mode=gun&security=tls&serviceName=.....&sni=xwlondon.unoix.cloud&type=grpc#%F0%9F%94%92%20%F0%9F%87%AC%F0%9F%87%A7%20GB%20%7C%20139.162.244.172%20%7C%20Akamai%20Technologies%2C%20Inc.%20%2F%20Linode%2C%20LLC
vmess://eyJhZGQiOiI4OS4zNi4xNjIuMzUiLCJhaWQiOjAsImZwIjoiY2hyb21lIiwiaG9zdCI6Ijg5LjM2LjE2Mi4zNSIsImlkIjoiN2UzZTZjOTEtOTBmYS00MzIxLWFkNzQtZGIwMGYyNDQyMTM0IiwibmV0Ijoid3MiLCJwYXRoIjoiIiwicG9ydCI6NDczMzMsInBzIjoiIFx1ZDgzY1x1ZGRlNlx1ZDgzY1x1ZGRlYSBBRSB8IDg5LjM2LjE2Mi4zNSB8IE1lbGJpa29tYXMgVUFCIiwic2VjdXJpdHkiOiJhdXRvIiwic2tpcC1jZXJ0LXZlcmlmeSI6dHJ1ZSwic25pIjoiODkuMzYuMTYyLjM1IiwidGxzIjoiIiwidHlwZSI6ImF1dG8ifQ==
trojan://NPKHOHWMzc@mehdi7.forwardv2raytelegramchannel.fun:2087?alpn=http%2F1.1&ed=2048&eh=Sec-Websocket-Protocol&fp=firefox&host=mehdi7.forwardv2raytelegramchannel.fun&path=%2F%40FORWARDV2RAY&security=tls&sni=mehdi7.forwardv2raytelegramchannel.fun&type=ws#%F0%9F%94%92%20%F0%9F%87%B8%F0%9F%87%AA%20SE%20%7C%205.42.77.118%20%7C%20Aeza%20International%20LTD%20%2F%20Aeza%20Group%20LLC
vless://e95b8e46-9387-4686-a851-c32a72c528c2@mehdi23.forwardv2raytelegramchannel.fun:8880?ed=2048&eh=Sec-Websocket-Protocol&encryption=none&flow=&fp=firefox&host=mehdi23.forwardv2raytelegramchannel.fun&path=%2F%40FORWARDV2RAY&security=none&sni=mehdi23.forwardv2raytelegramchannel.fun&type=ws#%20%F0%9F%87%B8%F0%9F%87%AA%20SE%20%7C%205.42.77.118%20%7C%20Aeza%20International%20LTD%20%2F%20Aeza%20Group%20LLC
vless://860a363e-2537-4186-b60a-bfe5b6b14ca3@web.code-v2.cfd:2083?encryption=none&flow=&fp=chrome&host=web.code-v2.cfd&mode=multi&security=tls&serviceName=%40V2ray_Alpha%20%40V2ray_Alpha%20%40V2ray_Alpha&sni=web.code-v2.cfd&type=grpc#%F0%9F%94%92%20%F0%9F%87%A9%F0%9F%87%AA%20DE%20%7C%205.75.193.135%20%7C%20Hetzner%20Online%20GmbH
vmess://eyJhZGQiOiIxODUuNDguMTM2LjE1MCIsImFpZCI6IjAiLCJhbHBuIjoiIiwiZnAiOiJjaHJvbWUiLCJob3N0IjoibTNoZGlvMS56YXB0by5vcmciLCJpZCI6IjlhM2EwZGNiLWE2NGMtNDkwZC05NDdiLTNmNGVmZWI4ZGMwZiIsIm5ldCI6IndzIiwicGF0aCI6IlwvQEZPUldBUkRWMlJBWSIsInBvcnQiOiI4MCIsInBzIjoiIFx1ZDgzY1x1ZGRmOFx1ZDgzY1x1ZGRlYSBTRSB8IDUuNDIuNzcuMTE4IHwgQWV6YSBJbnRlcm5hdGlvbmFsIExURCBcLyBBZXphIEdyb3VwIExMQyIsInNjeSI6ImF1dG8iLCJza2lwLWNlcnQtdmVyaWZ5Ijp0cnVlLCJzbmkiOiJtM2hkaW8xLnphcHRvLm9yZyIsInRscyI6Im5vbmUiLCJ0eXBlIjoibm9uZSIsInYiOiIyIn0=
vless://2fbdb1f9-d643-4d5d-9521-eb6a275ab443@173.245.59.200:443?flow=&fp=chrome&host=uni.outlinekey.online&security=tls&serviceName=%40Outlinev2rayNG%2C%40Outlinev2rayNG&sni=uni.outlinekey.online&type=grpc#%F0%9F%94%92%20%F0%9F%87%A9%F0%9F%87%AA%20DE%20%7C%2088.198.105.132%20%7C%20Hetzner%20Online%20GmbH
vmess://eyJhZGQiOiI5My4xMjMuMTcuMTQzIiwiYWlkIjoiMCIsImZwIjoiY2hyb21lIiwiaG9zdCI6Im0zaGRpbzEuemFwdG8ub3JnIiwiaWQiOiI5YTNhMGRjYi1hNjRjLTQ5MGQtOTQ3Yi0zZjRlZmViOGRjMGYiLCJuZXQiOiJ3cyIsInBhdGgiOiJcL0BGT1JXQVJEVjJSQVkiLCJwb3J0IjoiODAiLCJwcyI6IiBcdWQ4M2NcdWRkZjhcdWQ4M2NcdWRkZWEgU0UgfCA1LjQyLjc3LjExOCB8IEFlemEgSW50ZXJuYXRpb25hbCBMVEQgXC8gQWV6YSBHcm91cCBMTEMiLCJzY3kiOiJhdXRvIiwic2tpcC1jZXJ0LXZlcmlmeSI6dHJ1ZSwic25pIjoibTNoZGlvMS56YXB0by5vcmciLCJ0bHMiOiIiLCJ0eXBlIjoiIiwidiI6IjIifQ==
vmess://eyJhZGQiOiIxNzMuMjQ1LjU5LjIwMCIsImFpZCI6MCwiZnAiOiJjaHJvbWUiLCJob3N0Ijoic2NwLmJhaXl1bnhyYXkudG9wIiwiaWQiOiI3ZDA0YjZjYS05MzlhLTRhYzEtYmVjNC0zNDcwNmE5Y2M2OGYiLCJuZXQiOiJ3cyIsInBhdGgiOiJcLyIsInBvcnQiOjQ0MywicHMiOiJcdWQ4M2RcdWRkMTIgXHVkODNjXHVkZGZhXHVkODNjXHVkZGY4IFVTIHwgMTcyLjIzMy4xNDUuMTQgfCBBa2FtYWkgVGVjaG5vbG9naWVzLCBJbmMuIiwic2VjdXJpdHkiOiJhdXRvIiwic2tpcC1jZXJ0LXZlcmlmeSI6dHJ1ZSwic25pIjoic2NwLmJhaXl1bnhyYXkudG9wIiwidGxzIjoidGxzIiwidHlwZSI6ImF1dG8ifQ==
vless://d7520de7-699d-47e3-a6af-9ddb1075ff61@13.39.245.180:8088?alpn=h2&encryption=none&flow=&fp=chrome&host=www.crunchbase.com&security=tls&sni=www.crunchbase.com&type=tcp#%F0%9F%94%92%20%F0%9F%87%BA%F0%9F%87%B8%20US%20%7C%20169.197.140.174%20%7C%20GTHost
trojan://NPKHOHWMzc@173.245.59.200:2087?alpn=http%2F1.1&ed=2048&eh=Sec-Websocket-Protocol&fp=firefox&host=mehdi5.forwardv2raytelegramchannel.fun&path=%2F%40FORWARDV2RAY&security=tls&sni=mehdi5.forwardv2raytelegramchannel.fun&type=ws#%F0%9F%94%92%20%F0%9F%87%B8%F0%9F%87%AA%20SE%20%7C%205.42.77.118%20%7C%20Aeza%20International%20LTD%20%2F%20Aeza%20Group%20LLC
vmess://eyJhZGQiOiIxODUuNDguMTM2LjE1MCIsImFpZCI6IjAiLCJmcCI6ImNocm9tZSIsImhvc3QiOiJtM2hkaW8xLnNlcnZlaGFsZmxpZmUuY29tIiwiaWQiOiI1NmJiNTRiMC01Y2ZjLTRiMzUtYmM4MS0wYjMwMGEwOGI0NmIiLCJuZXQiOiJ3cyIsInBhdGgiOiJcL0BGT1JXQVJEVjJSQVkiLCJwb3J0IjoiODAiLCJwcyI6IiBcdWQ4M2NcdWRkZjhcdWQ4M2NcdWRkZWEgU0UgfCA1LjQyLjc3LjExOCB8IEFlemEgSW50ZXJuYXRpb25hbCBMVEQgXC8gQWV6YSBHcm91cCBMTEMiLCJzY3kiOiJhdXRvIiwic2tpcC1jZXJ0LXZlcmlmeSI6dHJ1ZSwic25pIjoibTNoZGlvMS5zZXJ2ZWhhbGZsaWZlLmNvbSIsInRscyI6IiIsInR5cGUiOiIiLCJ2IjoiMiJ9
vmess://eyJhZGQiOiIxMDcuMTg2LjIwMC4xMjciLCJhaWQiOjAsImZwIjoiY2hyb21lIiwiaG9zdCI6InZpYmVyLmNvbSIsImlkIjoiMmRhMmZiOWMtZDkwMy00NTUwLWJmNzUtOTk5MmNjMjgyYmQxIiwibmV0Ijoid3MiLCJwYXRoIjoiIiwicG9ydCI6NDMyMTMsInBzIjoiIFx1ZDgzY1x1ZGRmMlx1ZDgzY1x1ZGRmZSBNWSB8IDEwNy4xODYuMjAwLjEyNyB8IEVHSUhvc3RpbmcgXC8gRXZveHQgU0ROIEJIRCIsInNjeSI6ImF1dG8iLCJza2lwLWNlcnQtdmVyaWZ5Ijp0cnVlLCJzbmkiOiJ2aWJlci5jb20iLCJ0bHMiOiIiLCJ2IjoiMiJ9
vless://d7520de7-699d-47e3-a6af-9ddb1075ff61@15.237.66.188:8088?allowInsecure=1&encryption=none&flow=&fp=chrome&host=aparat.com.amico1.dynu.com&security=tls&sni=aparat.com.amico1.dynu.com&type=tcp#%F0%9F%94%92%20%F0%9F%87%BA%F0%9F%87%B8%20US%20%7C%20169.197.140.174%20%7C%20GTHost
vmess://eyJhZGQiOiJ3d3cuc3BlZWR0ZXN0Lm5ldCIsImFpZCI6IjAiLCJhbHBuIjoiaHR0cFwvMS4xIiwiZnAiOiJjaHJvbWUiLCJob3N0Ijoic291bmQtd2luZXMtZmx5ZXItc29tYS50cnljbG91ZGZsYXJlLmNvbSIsImlkIjoiZWFmMmJhZTItZjE5YS00YjkxLWE2ZTktZjgyNTUyNjk5NmRlIiwibmV0Ijoid3MiLCJwYXRoIjoiXC9ARk9SV0FSRFYyUkFZIiwicG9ydCI6IjgwIiwicHMiOiIgXHVkODNjXHVkZGY4XHVkODNjXHVkZGVhIFNFIHwgNS40Mi43Ny4xMTggfCBBZXphIEludGVybmF0aW9uYWwgTFREIFwvIEFlemEgR3JvdXAgTExDIiwic2N5IjoiYXV0byIsInNraXAtY2VydC12ZXJpZnkiOnRydWUsInNuaSI6ImltYWdlLWxvb2stZW5zZW1ibGUtZGVwb3NpdHMudHJ5Y2xvdWRmbGFyZS5jb20iLCJ0bHMiOiIiLCJ0eXBlIjoibm9uZSIsInYiOiIyIn0=
vless://c6dbc5be-7cbc-4b01-b239-bdc985f2c451@13.38.248.160:8088?alpn=h2&encryption=none&flow=&fp=chrome&host=g2.com&security=tls&sni=g2.com&type=tcp#%F0%9F%94%92%20%F0%9F%87%BA%F0%9F%87%B8%20US%20%7C%2023.150.248.223%20%7C%20GTHost%20%2F%20Interlinkhost%20LLC
vmess://eyJhZGQiOiIxODUuMTk0LjExLjc0IiwiYWlkIjoiMCIsImFscG4iOiJodHRwXC8xLjEiLCJmcCI6ImNocm9tZSIsImhvc3QiOiJtM2hkaW8xLnphcHRvLm9yZyIsImlkIjoiOWEzYTBkY2ItYTY0Yy00OTBkLTk0N2ItM2Y0ZWZlYjhkYzBmIiwibmV0Ijoid3MiLCJwYXRoIjoiXC9ARk9SV0FSRFYyUkFZIiwicG9ydCI6IjQ0MyIsInBzIjoiXHVkODNkXHVkZDEyIFx1ZDgzY1x1ZGRmOFx1ZDgzY1x1ZGRlYSBTRSB8IDUuNDIuNzcuMTE4IHwgQWV6YSBJbnRlcm5hdGlvbmFsIExURCBcLyBBZXphIEdyb3VwIExMQyIsInNjeSI6ImF1dG8iLCJza2lwLWNlcnQtdmVyaWZ5Ijp0cnVlLCJzbmkiOiJtM2hkaW8xLnphcHRvLm9yZyIsInRscyI6InRscyIsInR5cGUiOiJub25lIiwidiI6IjIifQ==
vless://8e518335-0f9e-4fce-af7f-58ce89c986bf@mehdi27.forwardv2raytelegramchannel.fun:2082?ed=2048&eh=Sec-Websocket-Protocol&encryption=none&flow=&fp=firefox&host=mehdi27.forwardv2raytelegramchannel.fun&path=%2F%40FORWARDV2RAY&security=none&sni=mehdi27.forwardv2raytelegramchannel.fun&type=ws#%20%F0%9F%87%B8%F0%9F%87%AA%20SE%20%7C%205.42.77.118%20%7C%20Aeza%20International%20LTD%20%2F%20Aeza%20Group%20LLC
ss://chacha20-ietf-poly1305:eidpOijUrSr6VOUZyNVuiC@file.delveseh.store:8243#%20%F0%9F%87%A9%F0%9F%87%AA%20DE%20%7C%2091.107.169.228%20%7C%20Hetzner%20Online%20AG
vless://d7520de7-699d-47e3-a6af-9ddb1075ff61@13.39.240.178:8088?alpn=h2&encryption=none&flow=&fp=chrome&host=juicer.io&security=tls&sni=juicer.io&type=tcp#%F0%9F%94%92%20%F0%9F%87%BA%F0%9F%87%B8%20US%20%7C%20169.197.140.174%20%7C%20GTHost
vmess://eyJhZGQiOiI5My4xMjMuMTEuMTMiLCJhaWQiOiIwIiwiYWxwbiI6IiIsImZwIjoiY2hyb21lIiwiaG9zdCI6Im0zaGRpbzEuemFwdG8ub3JnIiwiaWQiOiI5YTNhMGRjYi1hNjRjLTQ5MGQtOTQ3Yi0zZjRlZmViOGRjMGYiLCJuZXQiOiJ3cyIsInBhdGgiOiJcL0BGT1JXQVJEVjJSQVkiLCJwb3J0IjoiODAiLCJwcyI6IiBcdWQ4M2NcdWRkZjhcdWQ4M2NcdWRkZWEgU0UgfCA1LjQyLjc3LjExOCB8IEFlemEgSW50ZXJuYXRpb25hbCBMVEQgXC8gQWV6YSBHcm91cCBMTEMiLCJzY3kiOiJhdXRvIiwic2tpcC1jZXJ0LXZlcmlmeSI6dHJ1ZSwic25pIjoibTNoZGlvMS56YXB0by5vcmciLCJ0bHMiOiJub25lIiwidHlwZSI6Im5vbmUiLCJ2IjoiMiJ9
