vless://756e4e74-42d5-44a0-8d49-74d68c828a99@speed.cloudflare.com:443?security=tls&sni=download.alphav.top&fp=firefox&type=grpc&serviceName=@V2ray_Alpha%20@V2ray_Alpha%20@V2ray_Alpha&encryption=none&packetEncoding=xudp#%F0%9F%94%92%20%F0%9F%87%AB%F0%9F%87%AE%20FI%20%7C%20grpc:443%20@%2065.109.200.254%20%7C%20Hetzner%20Online%20GmbH%20%7C%201f677
vless://01596265-168b-46a7-bcb7-25662c7a9546@speed.cloudflare.com:443?security=tls&sni=HdFy7C2.fORIrAN.tRAde&fp=chrome&type=grpc&serviceName=gdeYIFYm31zmtMA1foaK1hpquM&encryption=none#%F0%9F%94%92%20%F0%9F%87%B8%F0%9F%87%AA%20SE%20%7C%20grpc:443%20@%20104.28.225.223%20%7C%20Cloudflare,%20Inc.%20/%20Cloudflare%20WARP%20%7C%208e852
vless://22ff5b46-e357-40eb-a09a-f17dff80301f@ru-full.privateip.net:2003?security=tls&sni=ru-full.privateip.net&fp=firefox&type=grpc&serviceName=GRPC#%F0%9F%94%92%20%F0%9F%87%B8%F0%9F%87%AA%20SE%20%7C%20grpc:2003%20@%20172.232.147.80%20%7C%20Akamai%20Technologies,%20Inc.%20%7C%20711b6
ss://YWVzLTI1Ni1nY206ZDgwYzRmNmQtNjMxMi00MjFlLWEyNDktMDNiYzIwOGY5YzQy@ru-full.privateip.net:8443#%20%F0%9F%87%B8%F0%9F%87%AA%20SE%20%7C%20tcp:8443%20@%20172.232.147.80%20%7C%20Akamai%20Technologies,%20Inc.%20%7C%2055aef
vless://251780c1-1501-43b3-be2a-d144a20d479a@speed.cloudflare.com:443?security=tls&sni=hdfy5c4.jahangirkh.eu.org&fp=firefox&type=grpc&serviceName=Y7aWYIhAUAt2De4KVnk9AHQv#%F0%9F%94%92%20%F0%9F%87%B8%F0%9F%87%AA%20SE%20%7C%20grpc:443%20@%20104.28.193.223%20%7C%20Cloudflare%20WARP%20%7C%20140f8
vless://01596265-168b-46a7-bcb7-25662c7a9546@speed.cloudflare.com:443?security=tls&sni=hdfy7d1.foriran2.eu.org&fp=firefox&type=ws&path=/gdeYIFYm31zmtebvMmvby47&host=hdfy7d1.foriran2.eu.org#%F0%9F%94%92%20%F0%9F%87%B8%F0%9F%87%AA%20SE%20%7C%20ws:443%20@%20104.28.225.223%20%7C%20Cloudflare%20WARP%20%7C%209b9c5
vless://22ff5b46-e357-40eb-a09a-f17dff80301f@ru-full.privateip.net:443?security=tls&sni=wrmelmwxlf.gktevlrqznwqqozy.fabpfs66gizmnojhcvqxwl.kytrcfzqla87gvgvs6c7kjnrubuh.cc&allowInsecure=1&fp=firefox&type=ws&path=/VLESS&host=wrmelmwxlf.gktevlrqznwqqozy.fabpfs66gizmnojhcvqxwl.kytrcfzqla87gvgvs6c7kjnrubuh.cc#%F0%9F%94%92%20%F0%9F%87%B8%F0%9F%87%AA%20SE%20%7C%20ws:443%20@%20172.232.147.80%20%7C%20Akamai%20Technologies,%20Inc.%20%7C%207b1de
trojan://01596265-168b-46a7-bcb7-25662c7a9546@speed.cloudflare.com:443?security=tls&sni=hdfy7c1.foriran2.eu.org&fp=firefox&type=ws&path=/fYn1ncaQebvMmvby47&host=hdfy7c1.foriran2.eu.org#%F0%9F%94%92%20%F0%9F%87%B8%F0%9F%87%AA%20SE%20%7C%20ws:443%20@%20104.28.225.223%20%7C%20Cloudflare%20WARP%20%7C%2012df2
vmess://eyJhZGQiOiJzcGVlZC5jbG91ZGZsYXJlLmNvbSIsImFpZCI6IjAiLCJob3N0IjoiaGRmeTdjMS5jcGlvbmxpbmUuY28iLCJpZCI6IjAxNTk2MjY1LTE2OGItNDZhNy1iY2I3LTI1NjYyYzdhOTU0NiIsIm5ldCI6IndzIiwicGFja2V0X2VuY29kaW5nIjoiIiwicGF0aCI6Ii9tclg1WEJTc0U0ZlFBTGVidk1tdmJ5NDciLCJwb3J0IjoiNDQzIiwicHMiOiLwn5SSIPCfh7jwn4eqIFNFIHwgd3M6NDQzIEAgMTA0LjI4LjE5My4yMjMgfCBDbG91ZGZsYXJlIFdBUlAgfCAyMGI2MiIsInNjeSI6ImNoYWNoYTIwLXBvbHkxMzA1Iiwic25pIjoiaGRmeTdjMS5jcGlvbmxpbmUuY28iLCJ0bHMiOiJ0bHMiLCJ0eXBlIjoibm9uZSIsInYiOiIyIn0=
trojan://251780c1-1501-43b3-be2a-d144a20d479a@speed.cloudflare.com:443?security=tls&sni=hdfy5c1.foriran.me&fp=firefox&type=ws&path=/GHZN6mD9e6MrrFQHeSDQ7&host=hdfy5c1.foriran.me#%F0%9F%94%92%20%F0%9F%87%B8%F0%9F%87%AA%20SE%20%7C%20ws:443%20@%20104.28.193.223%20%7C%20Cloudflare%20WARP%20%7C%20ab962
vless://01596265-168b-46a7-bcb7-25662c7a9546@speed.cloudflare.com:443?security=tls&sni=hdfy7c2.foriran.trade&fp=firefox&type=ws&path=/gdeYIFYm31zmtebvMmvby47&host=hdfy7c2.foriran.trade#%F0%9F%94%92%20%F0%9F%87%B8%F0%9F%87%AA%20SE%20%7C%20ws:443%20@%20104.28.193.223%20%7C%20Cloudflare%20WARP%20%7C%209b8fd
vmess://eyJhZGQiOiJzcGVlZC5jbG91ZGZsYXJlLmNvbSIsImFpZCI6IjAiLCJob3N0IjoiaGRmeTdjMS5jcGkyaGlkZC5ldS5vcmciLCJpZCI6IjAxNTk2MjY1LTE2OGItNDZhNy1iY2I3LTI1NjYyYzdhOTU0NiIsIm5ldCI6IndzIiwicGFja2V0X2VuY29kaW5nIjoiIiwicGF0aCI6Ii9tclg1WEJTc0U0ZlFBTGVidk1tdmJ5NDciLCJwb3J0IjoiNDQzIiwicHMiOiLwn5SSIPCfh7jwn4eqIFNFIHwgd3M6NDQzIEAgMTA0LjI4LjIyNS4yMjMgfCBDbG91ZGZsYXJlIFdBUlAgfCBjZmFiNyIsInNjeSI6ImNoYWNoYTIwLXBvbHkxMzA1Iiwic25pIjoiaGRmeTdjMS5jcGkyaGlkZC5ldS5vcmciLCJ0bHMiOiJ0bHMiLCJ0eXBlIjoibm9uZSIsInYiOiIyIn0=

